Archive member included to satisfy reference by file (symbol)

C:/Program Files/STMicroelectronics/STM32CubeIDE_1.11.2/STM32CubeIDE/plugins/com.st.stm32cube.ide.mcu.externaltools.gnu-tools-for-stm32.11.3.rel1.win32_1.1.0.202305231506/tools/bin/../lib/gcc/arm-none-eabi/11.3.1/../../../../arm-none-eabi/lib/thumb/v8-m.main+fp/hard\libc_nano.a(libc_a-exit.o)
                              C:/Program Files/STMicroelectronics/STM32CubeIDE_1.11.2/STM32CubeIDE/plugins/com.st.stm32cube.ide.mcu.externaltools.gnu-tools-for-stm32.11.3.rel1.win32_1.1.0.202305231506/tools/bin/../lib/gcc/arm-none-eabi/11.3.1/../../../../arm-none-eabi/lib/thumb/v8-m.main+fp/hard/crt0.o (exit)
C:/Program Files/STMicroelectronics/STM32CubeIDE_1.11.2/STM32CubeIDE/plugins/com.st.stm32cube.ide.mcu.externaltools.gnu-tools-for-stm32.11.3.rel1.win32_1.1.0.202305231506/tools/bin/../lib/gcc/arm-none-eabi/11.3.1/../../../../arm-none-eabi/lib/thumb/v8-m.main+fp/hard\libc_nano.a(libc_a-malloc.o)
                              ./Src/validate.o (malloc)
C:/Program Files/STMicroelectronics/STM32CubeIDE_1.11.2/STM32CubeIDE/plugins/com.st.stm32cube.ide.mcu.externaltools.gnu-tools-for-stm32.11.3.rel1.win32_1.1.0.202305231506/tools/bin/../lib/gcc/arm-none-eabi/11.3.1/../../../../arm-none-eabi/lib/thumb/v8-m.main+fp/hard\libc_nano.a(libc_a-mallocr.o)
                              C:/Program Files/STMicroelectronics/STM32CubeIDE_1.11.2/STM32CubeIDE/plugins/com.st.stm32cube.ide.mcu.externaltools.gnu-tools-for-stm32.11.3.rel1.win32_1.1.0.202305231506/tools/bin/../lib/gcc/arm-none-eabi/11.3.1/../../../../arm-none-eabi/lib/thumb/v8-m.main+fp/hard\libc_nano.a(libc_a-malloc.o) (_malloc_r)
C:/Program Files/STMicroelectronics/STM32CubeIDE_1.11.2/STM32CubeIDE/plugins/com.st.stm32cube.ide.mcu.externaltools.gnu-tools-for-stm32.11.3.rel1.win32_1.1.0.202305231506/tools/bin/../lib/gcc/arm-none-eabi/11.3.1/../../../../arm-none-eabi/lib/thumb/v8-m.main+fp/hard\libc_nano.a(libc_a-mlock.o)
                              C:/Program Files/STMicroelectronics/STM32CubeIDE_1.11.2/STM32CubeIDE/plugins/com.st.stm32cube.ide.mcu.externaltools.gnu-tools-for-stm32.11.3.rel1.win32_1.1.0.202305231506/tools/bin/../lib/gcc/arm-none-eabi/11.3.1/../../../../arm-none-eabi/lib/thumb/v8-m.main+fp/hard\libc_nano.a(libc_a-mallocr.o) (__malloc_lock)
C:/Program Files/STMicroelectronics/STM32CubeIDE_1.11.2/STM32CubeIDE/plugins/com.st.stm32cube.ide.mcu.externaltools.gnu-tools-for-stm32.11.3.rel1.win32_1.1.0.202305231506/tools/bin/../lib/gcc/arm-none-eabi/11.3.1/../../../../arm-none-eabi/lib/thumb/v8-m.main+fp/hard\libc_nano.a(libc_a-findfp.o)
                              C:/Program Files/STMicroelectronics/STM32CubeIDE_1.11.2/STM32CubeIDE/plugins/com.st.stm32cube.ide.mcu.externaltools.gnu-tools-for-stm32.11.3.rel1.win32_1.1.0.202305231506/tools/bin/../lib/gcc/arm-none-eabi/11.3.1/../../../../arm-none-eabi/lib/thumb/v8-m.main+fp/hard\libc_nano.a(libc_a-exit.o) (__stdio_exit_handler)
C:/Program Files/STMicroelectronics/STM32CubeIDE_1.11.2/STM32CubeIDE/plugins/com.st.stm32cube.ide.mcu.externaltools.gnu-tools-for-stm32.11.3.rel1.win32_1.1.0.202305231506/tools/bin/../lib/gcc/arm-none-eabi/11.3.1/../../../../arm-none-eabi/lib/thumb/v8-m.main+fp/hard\libc_nano.a(libc_a-fread.o)
                              ./Src/validate.o (fread)
C:/Program Files/STMicroelectronics/STM32CubeIDE_1.11.2/STM32CubeIDE/plugins/com.st.stm32cube.ide.mcu.externaltools.gnu-tools-for-stm32.11.3.rel1.win32_1.1.0.202305231506/tools/bin/../lib/gcc/arm-none-eabi/11.3.1/../../../../arm-none-eabi/lib/thumb/v8-m.main+fp/hard\libc_nano.a(libc_a-fseek.o)
                              ./Src/validate.o (fseek)
C:/Program Files/STMicroelectronics/STM32CubeIDE_1.11.2/STM32CubeIDE/plugins/com.st.stm32cube.ide.mcu.externaltools.gnu-tools-for-stm32.11.3.rel1.win32_1.1.0.202305231506/tools/bin/../lib/gcc/arm-none-eabi/11.3.1/../../../../arm-none-eabi/lib/thumb/v8-m.main+fp/hard\libc_nano.a(libc_a-ftell.o)
                              ./Src/validate.o (ftell)
C:/Program Files/STMicroelectronics/STM32CubeIDE_1.11.2/STM32CubeIDE/plugins/com.st.stm32cube.ide.mcu.externaltools.gnu-tools-for-stm32.11.3.rel1.win32_1.1.0.202305231506/tools/bin/../lib/gcc/arm-none-eabi/11.3.1/../../../../arm-none-eabi/lib/thumb/v8-m.main+fp/hard\libc_nano.a(libc_a-fwalk.o)
                              C:/Program Files/STMicroelectronics/STM32CubeIDE_1.11.2/STM32CubeIDE/plugins/com.st.stm32cube.ide.mcu.externaltools.gnu-tools-for-stm32.11.3.rel1.win32_1.1.0.202305231506/tools/bin/../lib/gcc/arm-none-eabi/11.3.1/../../../../arm-none-eabi/lib/thumb/v8-m.main+fp/hard\libc_nano.a(libc_a-findfp.o) (_fwalk_sglue)
C:/Program Files/STMicroelectronics/STM32CubeIDE_1.11.2/STM32CubeIDE/plugins/com.st.stm32cube.ide.mcu.externaltools.gnu-tools-for-stm32.11.3.rel1.win32_1.1.0.202305231506/tools/bin/../lib/gcc/arm-none-eabi/11.3.1/../../../../arm-none-eabi/lib/thumb/v8-m.main+fp/hard\libc_nano.a(libc_a-printf.o)
                              ./Src/bgapi.o (printf)
[...]
Memory Configuration

Name             Origin             Length             Attributes
RAM              0x0000000020000000 0x0000000000270000 xrw
SRAM4            0x0000000028000000 0x0000000000004000 xrw
FLASH            0x0000000008000000 0x0000000000400000 xr
*default*        0x0000000000000000 0xffffffffffffffff

Linker script and memory map

LOAD C:/Program Files/STMicroelectronics/STM32CubeIDE_1.11.2/STM32CubeIDE/plugins/com.st.stm32cube.ide.mcu.externaltools.gnu-tools-for-stm32.11.3.rel1.win32_1.1.0.202305231506/tools/bin/../lib/gcc/arm-none-eabi/11.3.1/thumb/v8-m.main+fp/hard/crti.o
LOAD C:/Program Files/STMicroelectronics/STM32CubeIDE_1.11.2/STM32CubeIDE/plugins/com.st.stm32cube.ide.mcu.externaltools.gnu-tools-for-stm32.11.3.rel1.win32_1.1.0.202305231506/tools/bin/../lib/gcc/arm-none-eabi/11.3.1/thumb/v8-m.main+fp/hard/crtbegin.o
LOAD C:/Program Files/STMicroelectronics/STM32CubeIDE_1.11.2/STM32CubeIDE/plugins/com.st.stm32cube.ide.mcu.externaltools.gnu-tools-for-stm32.11.3.rel1.win32_1.1.0.202305231506/tools/bin/../lib/gcc/arm-none-eabi/11.3.1/../../../../arm-none-eabi/lib/thumb/v8-m.main+fp/hard/crt0.o
LOAD ./Drivers/STM32U5xx_HAL_Driver/Src/stm32u5xx_hal.o
LOAD ./Drivers/STM32U5xx_HAL_Driver/Src/stm32u5xx_hal_cortex.o
LOAD ./Drivers/STM32U5xx_HAL_Driver/Src/stm32u5xx_hal_dma.o
LOAD ./Drivers/STM32U5xx_HAL_Driver/Src/stm32u5xx_hal_dma_ex.o
LOAD ./Drivers/STM32U5xx_HAL_Driver/Src/stm32u5xx_hal_exti.o
LOAD ./Drivers/STM32U5xx_HAL_Driver/Src/stm32u5xx_hal_flash.o
LOAD ./Drivers/STM32U5xx_HAL_Driver/Src/stm32u5xx_hal_flash_ex.o
LOAD ./Drivers/STM32U5xx_HAL_Driver/Src/stm32u5xx_hal_gpio.o
LOAD ./Drivers/STM32U5xx_HAL_Driver/Src/stm32u5xx_hal_gtzc.o
LOAD ./Drivers/STM32U5xx_HAL_Driver/Src/stm32u5xx_hal_hash.o
LOAD ./Drivers/STM32U5xx_HAL_Driver/Src/stm32u5xx_hal_hash_ex.o
LOAD ./Drivers/STM32U5xx_HAL_Driver/Src/stm32u5xx_hal_i2c.o
LOAD ./Drivers/STM32U5xx_HAL_Driver/Src/stm32u5xx_hal_i2c_ex.o
LOAD ./Drivers/STM32U5xx_HAL_Driver/Src/stm32u5xx_hal_icache.o
LOAD ./Drivers/STM32U5xx_HAL_Driver/Src/stm32u5xx_hal_pwr.o
LOAD ./Drivers/STM32U5xx_HAL_Driver/Src/stm32u5xx_hal_pwr_ex.o
LOAD ./Drivers/STM32U5xx_HAL_Driver/Src/stm32u5xx_hal_rcc.o
LOAD ./Drivers/STM32U5xx_HAL_Driver/Src/stm32u5xx_hal_rcc_ex.o
LOAD ./Drivers/STM32U5xx_HAL_Driver/Src/stm32u5xx_hal_tim.o
LOAD ./Drivers/STM32U5xx_HAL_Driver/Src/stm32u5xx_hal_tim_ex.o
LOAD ./Drivers/STM32U5xx_HAL_Driver/Src/stm32u5xx_hal_uart.o
LOAD ./Drivers/STM32U5xx_HAL_Driver/Src/stm32u5xx_hal_uart_ex.o
LOAD ./Src/bgapi.o
LOAD ./Src/crc32.o
LOAD ./Src/flash.o
LOAD ./Src/main.o
LOAD ./Src/ota.o
LOAD ./Src/stm32u5xx_hal_msp.o
LOAD ./Src/stm32u5xx_it.o
LOAD ./Src/syscalls.o
LOAD ./Src/sysmem.o
LOAD ./Src/system_stm32u5xx.o
LOAD ./Src/temp.o
LOAD ./Src/uart.o
LOAD ./Src/util.o
LOAD ./Src/validate.o
LOAD ./Startup/startup_stm32u5a5zjtxq.o
START GROUP
LOAD C:/Program Files/STMicroelectronics/STM32CubeIDE_1.11.2/STM32CubeIDE/plugins/com.st.stm32cube.ide.mcu.externaltools.gnu-tools-for-stm32.11.3.rel1.win32_1.1.0.202305231506/tools/bin/../lib/gcc/arm-none-eabi/11.3.1/../../../../arm-none-eabi/lib/thumb/v8-m.main+fp/hard\libc_nano.a
LOAD C:/Program Files/STMicroelectronics/STM32CubeIDE_1.11.2/STM32CubeIDE/plugins/com.st.stm32cube.ide.mcu.externaltools.gnu-tools-for-stm32.11.3.rel1.win32_1.1.0.202305231506/tools/bin/../lib/gcc/arm-none-eabi/11.3.1/../../../../arm-none-eabi/lib/thumb/v8-m.main+fp/hard\libm.a
END GROUP
START GROUP
LOAD C:/Program Files/STMicroelectronics/STM32CubeIDE_1.11.2/STM32CubeIDE/plugins/com.st.stm32cube.ide.mcu.externaltools.gnu-tools-for-stm32.11.3.rel1.win32_1.1.0.202305231506/tools/bin/../lib/gcc/arm-none-eabi/11.3.1/thumb/v8-m.main+fp/hard\libgcc.a
LOAD C:/Program Files/STMicroelectronics/STM32CubeIDE_1.11.2/STM32CubeIDE/plugins/com.st.stm32cube.ide.mcu.externaltools.gnu-tools-for-stm32.11.3.rel1.win32_1.1.0.202305231506/tools/bin/../lib/gcc/arm-none-eabi/11.3.1/../../../../arm-none-eabi/lib/thumb/v8-m.main+fp/hard\libc_nano.a
END GROUP
START GROUP
LOAD C:/Program Files/STMicroelectronics/STM32CubeIDE_1.11.2/STM32CubeIDE/plugins/com.st.stm32cube.ide.mcu.externaltools.gnu-tools-for-stm32.11.3.rel1.win32_1.1.0.202305231506/tools/bin/../lib/gcc/arm-none-eabi/11.3.1/thumb/v8-m.main+fp/hard\libgcc.a
LOAD C:/Program Files/STMicroelectronics/STM32CubeIDE_1.11.2/STM32CubeIDE/plugins/com.st.stm32cube.ide.mcu.externaltools.gnu-tools-for-stm32.11.3.rel1.win32_1.1.0.202305231506/tools/bin/../lib/gcc/arm-none-eabi/11.3.1/../../../../arm-none-eabi/lib/thumb/v8-m.main+fp/hard\libc_nano.a
LOAD C:/Program Files/STMicroelectronics/STM32CubeIDE_1.11.2/STM32CubeIDE/plugins/com.st.stm32cube.ide.mcu.externaltools.gnu-tools-for-stm32.11.3.rel1.win32_1.1.0.202305231506/tools/bin/../lib/gcc/arm-none-eabi/11.3.1/../../../../arm-none-eabi/lib/thumb/v8-m.main+fp/hard\libnosys.a
END GROUP
START GROUP
LOAD C:/Program Files/STMicroelectronics/STM32CubeIDE_1.11.2/STM32CubeIDE/plugins/com.st.stm32cube.ide.mcu.externaltools.gnu-tools-for-stm32.11.3.rel1.win32_1.1.0.202305231506/tools/bin/../lib/gcc/arm-none-eabi/11.3.1/thumb/v8-m.main+fp/hard\libgcc.a
LOAD C:/Program Files/STMicroelectronics/STM32CubeIDE_1.11.2/STM32CubeIDE/plugins/com.st.stm32cube.ide.mcu.externaltools.gnu-tools-for-stm32.11.3.rel1.win32_1.1.0.202305231506/tools/bin/../lib/gcc/arm-none-eabi/11.3.1/../../../../arm-none-eabi/lib/thumb/v8-m.main+fp/hard\libc_nano.a
LOAD C:/Program Files/STMicroelectronics/STM32CubeIDE_1.11.2/STM32CubeIDE/plugins/com.st.stm32cube.ide.mcu.externaltools.gnu-tools-for-stm32.11.3.rel1.win32_1.1.0.202305231506/tools/bin/../lib/gcc/arm-none-eabi/11.3.1/../../../../arm-none-eabi/lib/thumb/v8-m.main+fp/hard\libnosys.a
END GROUP
LOAD C:/Program Files/STMicroelectronics/STM32CubeIDE_1.11.2/STM32CubeIDE/plugins/com.st.stm32cube.ide.mcu.externaltools.gnu-tools-for-stm32.11.3.rel1.win32_1.1.0.202305231506/tools/bin/../lib/gcc/arm-none-eabi/11.3.1/thumb/v8-m.main+fp/hard/crtend.o
LOAD C:/Program Files/STMicroelectronics/STM32CubeIDE_1.11.2/STM32CubeIDE/plugins/com.st.stm32cube.ide.mcu.externaltools.gnu-tools-for-stm32.11.3.rel1.win32_1.1.0.202305231506/tools/bin/../lib/gcc/arm-none-eabi/11.3.1/thumb/v8-m.main+fp/hard/crtn.o
                0x0000000020270000                _estack = (ORIGIN (RAM) + LENGTH (RAM))
                0x0000000000000200                _Min_Heap_Size = 0x200
                0x0000000000000400                _Min_Stack_Size = 0x400

.isr_vector     0x0000000008000000      0x250
 *(.isr_vector)
 .isr_vector    0x0000000008000000      0x250 ./Startup/startup_stm32u5a5zjtxq.o
                0x0000000008000000                g_pfnVectors

.text           0x0000000008000250     0xae10
 *(.text)
 .text          0x0000000008000250       0x40 C:/Program Files/STMicroelectronics/STM32CubeIDE_1.11.2/STM32CubeIDE/plugins/com.st.stm32cube.ide.mcu.externaltools.gnu-tools-for-stm32.11.3.rel1.win32_1.1.0.202305231506/tools/bin/../lib/gcc/arm-none-eabi/11.3.1/thumb/v8-m.main+fp/hard/crtbegin.o
 .text          0x0000000008000290       0x30 C:/Program Files/STMicroelectronics/STM32CubeIDE_1.11.2/STM32CubeIDE/plugins/com.st.stm32cube.ide.mcu.externaltools.gnu-tools-for-stm32.11.3.rel1.win32_1.1.0.202305231506/tools/bin/../lib/gcc/arm-none-eabi/11.3.1/thumb/v8-m.main+fp/hard\libgcc.a(_aeabi_uldivmod.o)
                0x0000000008000290                __aeabi_uldivmod
 .text          0x00000000080002c0      0x2ec C:/Program Files/STMicroelectronics/STM32CubeIDE_1.11.2/STM32CubeIDE/plugins/com.st.stm32cube.ide.mcu.externaltools.gnu-tools-for-stm32.11.3.rel1.win32_1.1.0.202305231506/tools/bin/../lib/gcc/arm-none-eabi/11.3.1/thumb/v8-m.main+fp/hard\libgcc.a(_udivmoddi4.o)
                0x00000000080002c0                __udivmoddi4
 .text          0x00000000080005ac        0x4 C:/Program Files/STMicroelectronics/STM32CubeIDE_1.11.2/STM32CubeIDE/plugins/com.st.stm32cube.ide.mcu.externaltools.gnu-tools-for-stm32.11.3.rel1.win32_1.1.0.202305231506/tools/bin/../lib/gcc/arm-none-eabi/11.3.1/thumb/v8-m.main+fp/hard\libgcc.a(_dvmd_tls.o)
                0x00000000080005ac                __aeabi_idiv0
                0x00000000080005ac                __aeabi_ldiv0
 *(.text*)
 .text.HAL_Init
                0x00000000080005b0       0x5c ./Drivers/STM32U5xx_HAL_Driver/Src/stm32u5xx_hal.o
                0x00000000080005b0                HAL_Init
 .text.HAL_InitTick
                0x000000000800060c       0x6c ./Drivers/STM32U5xx_HAL_Driver/Src/stm32u5xx_hal.o
                0x000000000800060c                HAL_InitTick
 .text.HAL_IncTick
                0x0000000008000678       0x28 ./Drivers/STM32U5xx_HAL_Driver/Src/stm32u5xx_hal.o
                0x0000000008000678                HAL_IncTick
 .text.HAL_GetTick
                0x00000000080006a0       0x18 ./Drivers/STM32U5xx_HAL_Driver/Src/stm32u5xx_hal.o
                0x00000000080006a0                HAL_GetTick
 .text.HAL_Delay
                0x00000000080006b8       0x48 ./Drivers/STM32U5xx_HAL_Driver/Src/stm32u5xx_hal.o
                0x00000000080006b8                HAL_Delay
 .text.__NVIC_SetPriorityGrouping
                0x0000000008000700       0x48 ./Drivers/STM32U5xx_HAL_Driver/Src/stm32u5xx_hal_cortex.o
 .text.__NVIC_GetPriorityGrouping
                0x0000000008000748       0x1c ./Drivers/STM32U5xx_HAL_Driver/Src/stm32u5xx_hal_cortex.o
 .text.__NVIC_EnableIRQ
                0x0000000008000764       0x3c ./Drivers/STM32U5xx_HAL_Driver/Src/stm32u5xx_hal_cortex.o
 .text.__NVIC_SetPriority
                0x00000000080007a0       0x54 ./Drivers/STM32U5xx_HAL_Driver/Src/stm32u5xx_hal_cortex.o
 .text.NVIC_EncodePriority
                0x00000000080007f4       0x66 ./Drivers/STM32U5xx_HAL_Driver/Src/stm32u5xx_hal_cortex.o
 *fill*         0x000000000800085a        0x2 
 .text.__NVIC_SystemReset
                0x000000000800085c       0x2c ./Drivers/STM32U5xx_HAL_Driver/Src/stm32u5xx_hal_cortex.o
 .text.SysTick_Config
                0x0000000008000888       0x44 ./Drivers/STM32U5xx_HAL_Driver/Src/stm32u5xx_hal_cortex.o
 .text.HAL_NVIC_SetPriorityGrouping
                0x00000000080008cc       0x16 ./Drivers/STM32U5xx_HAL_Driver/Src/stm32u5xx_hal_cortex.o
                0x00000000080008cc                HAL_NVIC_SetPriorityGrouping
 .text.HAL_NVIC_SetPriority
                0x00000000080008e2       0x34 ./Drivers/STM32U5xx_HAL_Driver/Src/stm32u5xx_hal_cortex.o
                0x00000000080008e2                HAL_NVIC_SetPriority
 .text.HAL_NVIC_EnableIRQ
                0x0000000008000916       0x1c ./Drivers/STM32U5xx_HAL_Driver/Src/stm32u5xx_hal_cortex.o
                0x0000000008000916                HAL_NVIC_EnableIRQ
 .text.HAL_NVIC_SystemReset
                0x0000000008000932        0x8 ./Drivers/STM32U5xx_HAL_Driver/Src/stm32u5xx_hal_cortex.o
                0x0000000008000932                HAL_NVIC_SystemReset
 .text.HAL_SYSTICK_Config
                0x000000000800093a       0x18 ./Drivers/STM32U5xx_HAL_Driver/Src/stm32u5xx_hal_cortex.o
                0x000000000800093a                HAL_SYSTICK_Config
 .text.HAL_DMA_Abort
                0x0000000008000952       0xf8 ./Drivers/STM32U5xx_HAL_Driver/Src/stm32u5xx_hal_dma.o
                0x0000000008000952                HAL_DMA_Abort
 .text.HAL_DMA_Abort_IT
                0x0000000008000a4a       0x52 ./Drivers/STM32U5xx_HAL_Driver/Src/stm32u5xx_hal_dma.o
                0x0000000008000a4a                HAL_DMA_Abort_IT
 .text.HAL_FLASH_Program
                0x0000000008000a9c       0x94 ./Drivers/STM32U5xx_HAL_Driver/Src/stm32u5xx_hal_flash.o
                0x0000000008000a9c                HAL_FLASH_Program
 .text.HAL_FLASH_Unlock
                0x0000000008000b30       0x44 ./Drivers/STM32U5xx_HAL_Driver/Src/stm32u5xx_hal_flash.o
                0x0000000008000b30                HAL_FLASH_Unlock
 .text.HAL_FLASH_Lock
                0x0000000008000b74       0x34 ./Drivers/STM32U5xx_HAL_Driver/Src/stm32u5xx_hal_flash.o
                0x0000000008000b74                HAL_FLASH_Lock
 .text.FLASH_WaitForLastOperation
                0x0000000008000ba8       0x8c ./Drivers/STM32U5xx_HAL_Driver/Src/stm32u5xx_hal_flash.o
                0x0000000008000ba8                FLASH_WaitForLastOperation
 .text.FLASH_Program_QuadWord
                0x0000000008000c34       0x78 ./Drivers/STM32U5xx_HAL_Driver/Src/stm32u5xx_hal_flash.o
 .text.FLASH_Program_Burst
                0x0000000008000cac       0x7c ./Drivers/STM32U5xx_HAL_Driver/Src/stm32u5xx_hal_flash.o
 .text.HAL_FLASHEx_Erase
                0x0000000008000d28       0xe0 ./Drivers/STM32U5xx_HAL_Driver/Src/stm32u5xx_hal_flash_ex.o
                0x0000000008000d28                HAL_FLASHEx_Erase
 .text.HAL_FLASHEx_OBGetConfig
                0x0000000008000e08       0x9a ./Drivers/STM32U5xx_HAL_Driver/Src/stm32u5xx_hal_flash_ex.o
                0x0000000008000e08                HAL_FLASHEx_OBGetConfig
 *fill*         0x0000000008000ea2        0x2 
 .text.FLASH_MassErase
                0x0000000008000ea4       0x4c ./Drivers/STM32U5xx_HAL_Driver/Src/stm32u5xx_hal_flash_ex.o
 .text.FLASH_PageErase
                0x0000000008000ef0       0x60 ./Drivers/STM32U5xx_HAL_Driver/Src/stm32u5xx_hal_flash_ex.o
                0x0000000008000ef0                FLASH_PageErase
 .text.FLASH_OB_GetWRP
                0x0000000008000f50       0xd4 ./Drivers/STM32U5xx_HAL_Driver/Src/stm32u5xx_hal_flash_ex.o
 .text.FLASH_OB_GetRDP
                0x0000000008001024       0x38 ./Drivers/STM32U5xx_HAL_Driver/Src/stm32u5xx_hal_flash_ex.o
 .text.FLASH_OB_GetUser
                0x000000000800105c       0x28 ./Drivers/STM32U5xx_HAL_Driver/Src/stm32u5xx_hal_flash_ex.o
 .text.FLASH_OB_GetBootAddr
                0x0000000008001084       0x40 ./Drivers/STM32U5xx_HAL_Driver/Src/stm32u5xx_hal_flash_ex.o
 .text.HAL_GPIO_Init
                0x00000000080010c4      0x3b0 ./Drivers/STM32U5xx_HAL_Driver/Src/stm32u5xx_hal_gpio.o
                0x00000000080010c4                HAL_GPIO_Init
 .text.HAL_GPIO_ReadPin
                0x0000000008001474       0x30 ./Drivers/STM32U5xx_HAL_Driver/Src/stm32u5xx_hal_gpio.o
                0x0000000008001474                HAL_GPIO_ReadPin
 .text.HAL_GPIO_WritePin
                0x00000000080014a4       0x30 ./Drivers/STM32U5xx_HAL_Driver/Src/stm32u5xx_hal_gpio.o
                0x00000000080014a4                HAL_GPIO_WritePin
 .text.HAL_HASH_Init
                0x00000000080014d4       0xa8 ./Drivers/STM32U5xx_HAL_Driver/Src/stm32u5xx_hal_hash.o
                0x00000000080014d4                HAL_HASH_Init
 .text.HASH_WriteData
                0x000000000800157c       0xfc ./Drivers/STM32U5xx_HAL_Driver/Src/stm32u5xx_hal_hash.o
 .text.HASH_GetDigest
                0x0000000008001678      0x24c ./Drivers/STM32U5xx_HAL_Driver/Src/stm32u5xx_hal_hash.o
 .text.HASH_WaitOnFlagUntilTimeout
                0x00000000080018c4      0x10c ./Drivers/STM32U5xx_HAL_Driver/Src/stm32u5xx_hal_hash.o
 .text.HASH_Start
                0x00000000080019d0      0x1c0 ./Drivers/STM32U5xx_HAL_Driver/Src/stm32u5xx_hal_hash.o
                0x00000000080019d0                HASH_Start
 .text.HASH_Accumulate
                0x0000000008001b90      0x110 ./Drivers/STM32U5xx_HAL_Driver/Src/stm32u5xx_hal_hash.o
                0x0000000008001b90                HASH_Accumulate
 .text.HAL_HASHEx_SHA256_Accmlt
                0x0000000008001ca0       0x24 ./Drivers/STM32U5xx_HAL_Driver/Src/stm32u5xx_hal_hash_ex.o
                0x0000000008001ca0                HAL_HASHEx_SHA256_Accmlt
 .text.HAL_HASHEx_SHA256_Accmlt_End
                0x0000000008001cc4       0x2e ./Drivers/STM32U5xx_HAL_Driver/Src/stm32u5xx_hal_hash_ex.o
                0x0000000008001cc4                HAL_HASHEx_SHA256_Accmlt_End
 *fill*         0x0000000008001cf2        0x2 
 .text.HAL_ICACHE_ConfigAssociativityMode
                0x0000000008001cf4       0x40 ./Drivers/STM32U5xx_HAL_Driver/Src/stm32u5xx_hal_icache.o
                0x0000000008001cf4                HAL_ICACHE_ConfigAssociativityMode
 .text.HAL_ICACHE_Enable
                0x0000000008001d34       0x20 ./Drivers/STM32U5xx_HAL_Driver/Src/stm32u5xx_hal_icache.o
                0x0000000008001d34                HAL_ICACHE_Enable
 .text.HAL_PWREx_ControlVoltageScaling
                0x0000000008001d54       0xfc ./Drivers/STM32U5xx_HAL_Driver/Src/stm32u5xx_hal_pwr_ex.o
                0x0000000008001d54                HAL_PWREx_ControlVoltageScaling
 .text.HAL_PWREx_GetVoltageRange
                0x0000000008001e50       0x1c ./Drivers/STM32U5xx_HAL_Driver/Src/stm32u5xx_hal_pwr_ex.o
                0x0000000008001e50                HAL_PWREx_GetVoltageRange
 .text.HAL_PWREx_ConfigSupply
                0x0000000008001e6c       0xa0 ./Drivers/STM32U5xx_HAL_Driver/Src/stm32u5xx_hal_pwr_ex.o
                0x0000000008001e6c                HAL_PWREx_ConfigSupply
 .text.HAL_PWREx_EnableVddIO2
                0x0000000008001f0c       0x20 ./Drivers/STM32U5xx_HAL_Driver/Src/stm32u5xx_hal_pwr_ex.o
                0x0000000008001f0c                HAL_PWREx_EnableVddIO2
 .text.HAL_PWREx_DisableUCPDDeadBattery
                0x0000000008001f2c       0x20 ./Drivers/STM32U5xx_HAL_Driver/Src/stm32u5xx_hal_pwr_ex.o
                0x0000000008001f2c                HAL_PWREx_DisableUCPDDeadBattery
 .text.HAL_RCC_OscConfig
                0x0000000008001f4c      0xdb8 ./Drivers/STM32U5xx_HAL_Driver/Src/stm32u5xx_hal_rcc.o
                0x0000000008001f4c                HAL_RCC_OscConfig
 .text.HAL_RCC_ClockConfig
                0x0000000008002d04      0x3e4 ./Drivers/STM32U5xx_HAL_Driver/Src/stm32u5xx_hal_rcc.o
                0x0000000008002d04                HAL_RCC_ClockConfig
 .text.HAL_RCC_GetSysClockFreq
                0x00000000080030e8      0x210 ./Drivers/STM32U5xx_HAL_Driver/Src/stm32u5xx_hal_rcc.o
                0x00000000080030e8                HAL_RCC_GetSysClockFreq
 .text.HAL_RCC_GetHCLKFreq
                0x00000000080032f8       0x34 ./Drivers/STM32U5xx_HAL_Driver/Src/stm32u5xx_hal_rcc.o
                0x00000000080032f8                HAL_RCC_GetHCLKFreq
 .text.HAL_RCC_GetPCLK1Freq
                0x000000000800332c       0x28 ./Drivers/STM32U5xx_HAL_Driver/Src/stm32u5xx_hal_rcc.o
                0x000000000800332c                HAL_RCC_GetPCLK1Freq
 .text.HAL_RCC_GetPCLK2Freq
                0x0000000008003354       0x28 ./Drivers/STM32U5xx_HAL_Driver/Src/stm32u5xx_hal_rcc.o
                0x0000000008003354                HAL_RCC_GetPCLK2Freq
 .text.HAL_RCC_GetPCLK3Freq
                0x000000000800337c       0x28 ./Drivers/STM32U5xx_HAL_Driver/Src/stm32u5xx_hal_rcc.o
                0x000000000800337c                HAL_RCC_GetPCLK3Freq
 .text.RCC_SetFlashLatencyFromMSIRange
                0x00000000080033a4      0x10c ./Drivers/STM32U5xx_HAL_Driver/Src/stm32u5xx_hal_rcc.o
 .text.HAL_RCCEx_PeriphCLKConfig
                0x00000000080034b0      0xd78 ./Drivers/STM32U5xx_HAL_Driver/Src/stm32u5xx_hal_rcc_ex.o
                0x00000000080034b0                HAL_RCCEx_PeriphCLKConfig
 .text.HAL_RCCEx_GetPLL1ClockFreq
                0x0000000008004228      0x2d0 ./Drivers/STM32U5xx_HAL_Driver/Src/stm32u5xx_hal_rcc_ex.o
                0x0000000008004228                HAL_RCCEx_GetPLL1ClockFreq
 .text.HAL_RCCEx_GetPLL2ClockFreq
                0x00000000080044f8      0x2d0 ./Drivers/STM32U5xx_HAL_Driver/Src/stm32u5xx_hal_rcc_ex.o
                0x00000000080044f8                HAL_RCCEx_GetPLL2ClockFreq
 .text.HAL_RCCEx_GetPLL3ClockFreq
                0x00000000080047c8      0x2d0 ./Drivers/STM32U5xx_HAL_Driver/Src/stm32u5xx_hal_rcc_ex.o
                0x00000000080047c8                HAL_RCCEx_GetPLL3ClockFreq
 .text.HAL_RCCEx_GetPeriphCLKFreq
                0x0000000008004a98     0x16bc ./Drivers/STM32U5xx_HAL_Driver/Src/stm32u5xx_hal_rcc_ex.o
                0x0000000008004a98                HAL_RCCEx_GetPeriphCLKFreq
 .text.RCCEx_PLL2_Config
                0x0000000008006154      0x130 ./Drivers/STM32U5xx_HAL_Driver/Src/stm32u5xx_hal_rcc_ex.o
 .text.RCCEx_PLL3_Config
                0x0000000008006284      0x130 ./Drivers/STM32U5xx_HAL_Driver/Src/stm32u5xx_hal_rcc_ex.o
 .text.HAL_UART_Init
                0x00000000080063b4       0xa0 ./Drivers/STM32U5xx_HAL_Driver/Src/stm32u5xx_hal_uart.o
                0x00000000080063b4                HAL_UART_Init
 .text.HAL_UART_Transmit
                0x0000000008006454      0x11c ./Drivers/STM32U5xx_HAL_Driver/Src/stm32u5xx_hal_uart.o
                0x0000000008006454                HAL_UART_Transmit
 .text.HAL_UART_Receive_IT
                0x0000000008006570       0xa4 ./Drivers/STM32U5xx_HAL_Driver/Src/stm32u5xx_hal_uart.o
                0x0000000008006570                HAL_UART_Receive_IT
 .text.HAL_UART_IRQHandler
                0x0000000008006614      0x618 ./Drivers/STM32U5xx_HAL_Driver/Src/stm32u5xx_hal_uart.o
                0x0000000008006614                HAL_UART_IRQHandler
 .text.HAL_UART_TxCpltCallback
                0x0000000008006c2c       0x14 ./Drivers/STM32U5xx_HAL_Driver/Src/stm32u5xx_hal_uart.o
                0x0000000008006c2c                HAL_UART_TxCpltCallback
 .text.HAL_UART_ErrorCallback
                0x0000000008006c40       0x14 ./Drivers/STM32U5xx_HAL_Driver/Src/stm32u5xx_hal_uart.o
                0x0000000008006c40                HAL_UART_ErrorCallback
 .text.HAL_UARTEx_RxEventCallback
                0x0000000008006c54       0x18 ./Drivers/STM32U5xx_HAL_Driver/Src/stm32u5xx_hal_uart.o
                0x0000000008006c54                HAL_UARTEx_RxEventCallback
 .text.UART_SetConfig
                0x0000000008006c6c      0x35c ./Drivers/STM32U5xx_HAL_Driver/Src/stm32u5xx_hal_uart.o
                0x0000000008006c6c                UART_SetConfig
 .text.UART_AdvFeatureConfig
                0x0000000008006fc8      0x144 ./Drivers/STM32U5xx_HAL_Driver/Src/stm32u5xx_hal_uart.o
                0x0000000008006fc8                UART_AdvFeatureConfig
 .text.UART_CheckIdleState
                0x000000000800710c      0x154 ./Drivers/STM32U5xx_HAL_Driver/Src/stm32u5xx_hal_uart.o
                0x000000000800710c                UART_CheckIdleState
 .text.UART_WaitOnFlagUntilTimeout
                0x0000000008007260       0xce ./Drivers/STM32U5xx_HAL_Driver/Src/stm32u5xx_hal_uart.o
                0x0000000008007260                UART_WaitOnFlagUntilTimeout
 *fill*         0x000000000800732e        0x2 
 .text.UART_Start_Receive_IT
                0x0000000008007330      0x244 ./Drivers/STM32U5xx_HAL_Driver/Src/stm32u5xx_hal_uart.o
                0x0000000008007330                UART_Start_Receive_IT
 .text.UART_EndRxTransfer
                0x0000000008007574       0xcc ./Drivers/STM32U5xx_HAL_Driver/Src/stm32u5xx_hal_uart.o
 .text.UART_DMAAbortOnError
                0x0000000008007640       0x2c ./Drivers/STM32U5xx_HAL_Driver/Src/stm32u5xx_hal_uart.o
 .text.UART_EndTransmit_IT
                0x000000000800766c       0x56 ./Drivers/STM32U5xx_HAL_Driver/Src/stm32u5xx_hal_uart.o
 *fill*         0x00000000080076c2        0x2 
 .text.UART_RxISR_8BIT
                0x00000000080076c4      0x1c4 ./Drivers/STM32U5xx_HAL_Driver/Src/stm32u5xx_hal_uart.o
 .text.UART_RxISR_16BIT
                0x0000000008007888      0x1c4 ./Drivers/STM32U5xx_HAL_Driver/Src/stm32u5xx_hal_uart.o
 .text.UART_RxISR_8BIT_FIFOEN
                0x0000000008007a4c      0x370 ./Drivers/STM32U5xx_HAL_Driver/Src/stm32u5xx_hal_uart.o
 .text.UART_RxISR_16BIT_FIFOEN
                0x0000000008007dbc      0x378 ./Drivers/STM32U5xx_HAL_Driver/Src/stm32u5xx_hal_uart.o
 .text.HAL_UARTEx_RxFifoFullCallback
                0x0000000008008134       0x14 ./Drivers/STM32U5xx_HAL_Driver/Src/stm32u5xx_hal_uart_ex.o
                0x0000000008008134                HAL_UARTEx_RxFifoFullCallback
 .text.HAL_UARTEx_TxFifoEmptyCallback
                0x0000000008008148       0x14 ./Drivers/STM32U5xx_HAL_Driver/Src/stm32u5xx_hal_uart_ex.o
                0x0000000008008148                HAL_UARTEx_TxFifoEmptyCallback
 .text.HAL_UARTEx_DisableFifoMode
                0x000000000800815c       0x72 ./Drivers/STM32U5xx_HAL_Driver/Src/stm32u5xx_hal_uart_ex.o
                0x000000000800815c                HAL_UARTEx_DisableFifoMode
 .text.HAL_UARTEx_SetTxFifoThreshold
                0x00000000080081ce       0x7c ./Drivers/STM32U5xx_HAL_Driver/Src/stm32u5xx_hal_uart_ex.o
                0x00000000080081ce                HAL_UARTEx_SetTxFifoThreshold
 .text.HAL_UARTEx_SetRxFifoThreshold
                0x000000000800824a       0x7c ./Drivers/STM32U5xx_HAL_Driver/Src/stm32u5xx_hal_uart_ex.o
                0x000000000800824a                HAL_UARTEx_SetRxFifoThreshold
 *fill*         0x00000000080082c6        0x2 
 .text.UARTEx_SetNbDataToProcess
                0x00000000080082c8       0x9c ./Drivers/STM32U5xx_HAL_Driver/Src/stm32u5xx_hal_uart_ex.o
 .text.initializeBGLIB
                0x0000000008008364       0x2c ./Src/bgapi.o
                0x0000000008008364                initializeBGLIB
 .text.onMessageSend
                0x0000000008008390       0x80 ./Src/bgapi.o
 .text.setBT122UARTMode
                0x0000000008008410       0xac ./Src/bgapi.o
                0x0000000008008410                setBT122UARTMode
 .text.clearAllFlashFlags
                0x00000000080084bc       0x28 ./Src/flash.o
                0x00000000080084bc                clearAllFlashFlags
 .text.areFlashBanksSwapped
                0x00000000080084e4       0x2a ./Src/flash.o
                0x00000000080084e4                areFlashBanksSwapped
 *fill*         0x000000000800850e        0x2 
 .text.writeFlash
                0x0000000008008510       0x68 ./Src/flash.o
                0x0000000008008510                writeFlash
 .text.writeFlashPage
                0x0000000008008578       0x64 ./Src/flash.o
                0x0000000008008578                writeFlashPage
 .text.eraseFlashPage_Advanced
                0x00000000080085dc      0x100 ./Src/flash.o
                0x00000000080085dc                eraseFlashPage_Advanced
 .text.__io_putchar
                0x00000000080086dc       0x24 ./Src/main.o
                0x00000000080086dc                __io_putchar
 .text.HAL_UART_RxCpltCallback
                0x0000000008008700       0x5c ./Src/main.o
                0x0000000008008700                HAL_UART_RxCpltCallback
 .text.checkConnection
                0x000000000800875c       0x78 ./Src/main.o
                0x000000000800875c                checkConnection
 .text.main     0x00000000080087d4      0x140 ./Src/main.o
                0x00000000080087d4                main
 .text.SystemClock_Config
                0x0000000008008914       0xb0 ./Src/main.o
                0x0000000008008914                SystemClock_Config
 .text.SystemPower_Config
                0x00000000080089c4       0x20 ./Src/main.o
 .text.MX_HASH_Init
                0x00000000080089e4       0x24 ./Src/main.o
 .text.MX_ICACHE_Init
                0x0000000008008a08       0x26 ./Src/main.o
 *fill*         0x0000000008008a2e        0x2 
 .text.MX_USART1_UART_Init
                0x0000000008008a30       0x98 ./Src/main.o
 .text.MX_USART2_UART_Init
                0x0000000008008ac8       0x9c ./Src/main.o
 .text.MX_GPIO_Init
                0x0000000008008b64      0x240 ./Src/main.o
 .text.Error_Handler
                0x0000000008008da4        0xa ./Src/main.o
                0x0000000008008da4                Error_Handler
 *fill*         0x0000000008008dae        0x2 
 .text.downloadFirmwareToFlash
                0x0000000008008db0      0x300 ./Src/ota.o
                0x0000000008008db0                downloadFirmwareToFlash
 .text.uploadFirmwareToBT122
                0x00000000080090b0      0x454 ./Src/ota.o
                0x00000000080090b0                uploadFirmwareToBT122
 .text.HAL_MspInit
                0x0000000008009504       0x34 ./Src/stm32u5xx_hal_msp.o
                0x0000000008009504                HAL_MspInit
 .text.HAL_HASH_MspInit
                0x0000000008009538       0x38 ./Src/stm32u5xx_hal_msp.o
                0x0000000008009538                HAL_HASH_MspInit
 .text.HAL_UART_MspInit
                0x0000000008009570      0x1b8 ./Src/stm32u5xx_hal_msp.o
                0x0000000008009570                HAL_UART_MspInit
 .text.NMI_Handler
                0x0000000008009728        0x6 ./Src/stm32u5xx_it.o
                0x0000000008009728                NMI_Handler
 .text.HardFault_Handler
                0x000000000800972e        0x6 ./Src/stm32u5xx_it.o
                0x000000000800972e                HardFault_Handler
 .text.MemManage_Handler
                0x0000000008009734        0x6 ./Src/stm32u5xx_it.o
                0x0000000008009734                MemManage_Handler
 .text.BusFault_Handler
                0x000000000800973a        0x6 ./Src/stm32u5xx_it.o
                0x000000000800973a                BusFault_Handler
 .text.UsageFault_Handler
                0x0000000008009740        0x6 ./Src/stm32u5xx_it.o
                0x0000000008009740                UsageFault_Handler
 .text.SVC_Handler
                0x0000000008009746        0xe ./Src/stm32u5xx_it.o
                0x0000000008009746                SVC_Handler
 .text.DebugMon_Handler
                0x0000000008009754        0xe ./Src/stm32u5xx_it.o
                0x0000000008009754                DebugMon_Handler
 .text.PendSV_Handler
                0x0000000008009762        0xe ./Src/stm32u5xx_it.o
                0x0000000008009762                PendSV_Handler
 .text.SysTick_Handler
                0x0000000008009770        0xc ./Src/stm32u5xx_it.o
                0x0000000008009770                SysTick_Handler
 .text.USART1_IRQHandler
                0x000000000800977c       0x14 ./Src/stm32u5xx_it.o
                0x000000000800977c                USART1_IRQHandler
 .text.USART2_IRQHandler
                0x0000000008009790       0x14 ./Src/stm32u5xx_it.o
                0x0000000008009790                USART2_IRQHandler
 .text._read    0x00000000080097a4       0x3a ./Src/syscalls.o
                0x00000000080097a4                _read
 .text._write   0x00000000080097de       0x38 ./Src/syscalls.o
                0x00000000080097de                _write
 .text._close   0x0000000008009816       0x18 ./Src/syscalls.o
                0x0000000008009816                _close
 .text._fstat   0x000000000800982e       0x20 ./Src/syscalls.o
                0x000000000800982e                _fstat
 .text._isatty  0x000000000800984e       0x16 ./Src/syscalls.o
                0x000000000800984e                _isatty
 .text._lseek   0x0000000008009864       0x1a ./Src/syscalls.o
                0x0000000008009864                _lseek
 *fill*         0x000000000800987e        0x2 
 .text._sbrk    0x0000000008009880       0x6c ./Src/sysmem.o
                0x0000000008009880                _sbrk
 .text.SystemInit
                0x00000000080098ec       0x70 ./Src/system_stm32u5xx.o
                0x00000000080098ec                SystemInit
 .text.register_UART
                0x000000000800995c       0x38 ./Src/uart.o
                0x000000000800995c                register_UART
 .text.get_UART_num
                0x0000000008009994       0x44 ./Src/uart.o
                0x0000000008009994                get_UART_num
 .text.uart_tx  0x00000000080099d8       0x68 ./Src/uart.o
                0x00000000080099d8                uart_tx
 .text.uart_rx_it
                0x0000000008009a40       0x7c ./Src/uart.o
                0x0000000008009a40                uart_rx_it
 .text.uart_rx_it_put
                0x0000000008009abc       0xec ./Src/uart.o
                0x0000000008009abc                uart_rx_it_put
 .text.uart_rx_it_get
                0x0000000008009ba8       0xf0 ./Src/uart.o
                0x0000000008009ba8                uart_rx_it_get
 .text.uart_rx_it_get_length
                0x0000000008009c98       0x38 ./Src/uart.o
                0x0000000008009c98                uart_rx_it_get_length
 .text.uart_rx_it_clear_buffer
                0x0000000008009cd0       0x60 ./Src/uart.o
                0x0000000008009cd0                uart_rx_it_clear_buffer
 .text.printBuffer
                0x0000000008009d30       0x64 ./Src/util.o
                0x0000000008009d30                printBuffer
 .text.isBigEndian
                0x0000000008009d94       0x24 ./Src/util.o
                0x0000000008009d94                isBigEndian
 .text.fixEndianness
                0x0000000008009db8       0xf4 ./Src/util.o
                0x0000000008009db8                fixEndianness
 .text.computeHashFromFlash
                0x0000000008009eac      0x19c ./Src/util.o
                0x0000000008009eac                computeHashFromFlash
 .text.Reset_Handler
                0x000000000800a048       0x50 ./Startup/startup_stm32u5a5zjtxq.o
                0x000000000800a048                Reset_Handler
 .text.Default_Handler
                0x000000000800a098        0x2 ./Startup/startup_stm32u5a5zjtxq.o
                0x000000000800a098                EXTI2_IRQHandler
                0x000000000800a098                TIM8_TRG_COM_IRQHandler
                0x000000000800a098                TIM8_CC_IRQHandler
                0x000000000800a098                EXTI5_IRQHandler
                0x000000000800a098                FLASH_S_IRQHandler
                0x000000000800a098                EXTI13_IRQHandler
                0x000000000800a098                TIM1_CC_IRQHandler
                0x000000000800a098                TSC_IRQHandler
                0x000000000800a098                TAMP_IRQHandler
                0x000000000800a098                TIM6_IRQHandler
                0x000000000800a098                EXTI12_IRQHandler
                0x000000000800a098                CORDIC_IRQHandler
                0x000000000800a098                EXTI3_IRQHandler
                0x000000000800a098                LPTIM4_IRQHandler
                0x000000000800a098                GPDMA1_Channel5_IRQHandler
                0x000000000800a098                EXTI8_IRQHandler
                0x000000000800a098                LPTIM2_IRQHandler
                0x000000000800a098                I2C3_ER_IRQHandler
                0x000000000800a098                I2C5_EV_IRQHandler
                0x000000000800a098                PWR_S3WU_IRQHandler
                0x000000000800a098                MDF1_FLT2_IRQHandler
                0x000000000800a098                LPDMA1_Channel3_IRQHandler
                0x000000000800a098                LPTIM3_IRQHandler
                0x000000000800a098                EXTI0_IRQHandler
                0x000000000800a098                I2C2_EV_IRQHandler
                0x000000000800a098                FPU_IRQHandler
                0x000000000800a098                GPDMA1_Channel3_IRQHandler
                0x000000000800a098                GPDMA1_Channel7_IRQHandler
                0x000000000800a098                MDF1_FLT4_IRQHandler
                0x000000000800a098                FDCAN1_IT1_IRQHandler
                0x000000000800a098                RAMCFG_IRQHandler
                0x000000000800a098                ADC1_2_IRQHandler
                0x000000000800a098                GPDMA1_Channel9_IRQHandler
                0x000000000800a098                DCACHE1_IRQHandler
                0x000000000800a098                SPI1_IRQHandler
                0x000000000800a098                OCTOSPI1_IRQHandler
                0x000000000800a098                GPDMA1_Channel2_IRQHandler
                0x000000000800a098                TIM8_UP_IRQHandler
                0x000000000800a098                RCC_S_IRQHandler
                0x000000000800a098                OCTOSPI2_IRQHandler
                0x000000000800a098                SAI2_IRQHandler
                0x000000000800a098                MDF1_FLT1_IRQHandler
                0x000000000800a098                PKA_IRQHandler
                0x000000000800a098                USART6_IRQHandler
                0x000000000800a098                MDF1_FLT5_IRQHandler
                0x000000000800a098                EXTI15_IRQHandler
                0x000000000800a098                TIM17_IRQHandler
                0x000000000800a098                USART3_IRQHandler
                0x000000000800a098                RTC_IRQHandler
                0x000000000800a098                EXTI9_IRQHandler
                0x000000000800a098                HSPI1_IRQHandler
                0x000000000800a098                UART5_IRQHandler
                0x000000000800a098                TIM4_IRQHandler
                0x000000000800a098                I2C1_EV_IRQHandler
                0x000000000800a098                GPDMA1_Channel12_IRQHandler
                0x000000000800a098                GPDMA1_Channel1_IRQHandler
                0x000000000800a098                TIM16_IRQHandler
                0x000000000800a098                GPDMA1_Channel15_IRQHandler
                0x000000000800a098                UART4_IRQHandler
                0x000000000800a098                SecureFault_Handler
                0x000000000800a098                TIM3_IRQHandler
                0x000000000800a098                RCC_IRQHandler
                0x000000000800a098                TIM1_TRG_COM_IRQHandler
                0x000000000800a098                Default_Handler
                0x000000000800a098                GPDMA1_Channel8_IRQHandler
                0x000000000800a098                FMAC_IRQHandler
                0x000000000800a098                I2C5_ER_IRQHandler
                0x000000000800a098                OTFDEC1_IRQHandler
                0x000000000800a098                GPDMA1_Channel11_IRQHandler
                0x000000000800a098                TIM7_IRQHandler
                0x000000000800a098                SDMMC1_IRQHandler
                0x000000000800a098                SAES_IRQHandler
                0x000000000800a098                TIM5_IRQHandler
                0x000000000800a098                UCPD1_IRQHandler
                0x000000000800a098                GPDMA1_Channel0_IRQHandler
                0x000000000800a098                TIM15_IRQHandler
                0x000000000800a098                I2C3_EV_IRQHandler
                0x000000000800a098                LPDMA1_Channel0_IRQHandler
                0x000000000800a098                PVD_PVM_IRQHandler
                0x000000000800a098                SPI2_IRQHandler
                0x000000000800a098                LPDMA1_Channel1_IRQHandler
                0x000000000800a098                EXTI14_IRQHandler
                0x000000000800a098                EXTI11_IRQHandler
                0x000000000800a098                OTFDEC2_IRQHandler
                0x000000000800a098                CRS_IRQHandler
                0x000000000800a098                GPDMA1_Channel14_IRQHandler
                0x000000000800a098                LSECSSD_IRQHandler
                0x000000000800a098                EXTI4_IRQHandler
                0x000000000800a098                RTC_S_IRQHandler
                0x000000000800a098                GPDMA1_Channel13_IRQHandler
                0x000000000800a098                RNG_IRQHandler
                0x000000000800a098                COMP_IRQHandler
                0x000000000800a098                TIM1_UP_IRQHandler
                0x000000000800a098                ADC4_IRQHandler
                0x000000000800a098                WWDG_IRQHandler
                0x000000000800a098                I2C4_EV_IRQHandler
                0x000000000800a098                ADF1_IRQHandler
                0x000000000800a098                IWDG_IRQHandler
                0x000000000800a098                I2C6_ER_IRQHandler
                0x000000000800a098                LPUART1_IRQHandler
                0x000000000800a098                MDF1_FLT0_IRQHandler
                0x000000000800a098                FDCAN1_IT0_IRQHandler
                0x000000000800a098                TIM2_IRQHandler
                0x000000000800a098                GPDMA1_Channel4_IRQHandler
                0x000000000800a098                OTG_HS_IRQHandler
                0x000000000800a098                EXTI7_IRQHandler
                0x000000000800a098                DMA2D_IRQHandler
                0x000000000800a098                TIM1_BRK_IRQHandler
                0x000000000800a098                EXTI1_IRQHandler
                0x000000000800a098                SDMMC2_IRQHandler
                0x000000000800a098                AES_IRQHandler
                0x000000000800a098                DAC1_IRQHandler
                0x000000000800a098                GTZC_IRQHandler
                0x000000000800a098                MDF1_FLT3_IRQHandler
                0x000000000800a098                I2C6_EV_IRQHandler
                0x000000000800a098                GPDMA1_Channel6_IRQHandler
                0x000000000800a098                I2C2_ER_IRQHandler
                0x000000000800a098                TIM8_BRK_IRQHandler
                0x000000000800a098                FLASH_IRQHandler
                0x000000000800a098                EXTI10_IRQHandler
                0x000000000800a098                SPI3_IRQHandler
                0x000000000800a098                LPDMA1_Channel2_IRQHandler
                0x000000000800a098                I2C1_ER_IRQHandler
                0x000000000800a098                FMC_IRQHandler
                0x000000000800a098                EXTI6_IRQHandler
                0x000000000800a098                LPTIM1_IRQHandler
                0x000000000800a098                DCMI_PSSI_IRQHandler
                0x000000000800a098                I2C4_ER_IRQHandler
                0x000000000800a098                GPDMA1_Channel10_IRQHandler
                0x000000000800a098                ICACHE_IRQHandler
                0x000000000800a098                SAI1_IRQHandler
                0x000000000800a098                HASH_IRQHandler
 *fill*         0x000000000800a09a        0x2 
 .text.sbrk_aligned
                0x000000000800a09c       0x40 C:/Program Files/STMicroelectronics/STM32CubeIDE_1.11.2/STM32CubeIDE/plugins/com.st.stm32cube.ide.mcu.externaltools.gnu-tools-for-stm32.11.3.rel1.win32_1.1.0.202305231506/tools/bin/../lib/gcc/arm-none-eabi/11.3.1/../../../../arm-none-eabi/lib/thumb/v8-m.main+fp/hard\libc_nano.a(libc_a-mallocr.o)
 .text._malloc_r
                0x000000000800a0dc      0x100 C:/Program Files/STMicroelectronics/STM32CubeIDE_1.11.2/STM32CubeIDE/plugins/com.st.stm32cube.ide.mcu.externaltools.gnu-tools-for-stm32.11.3.rel1.win32_1.1.0.202305231506/tools/bin/../lib/gcc/arm-none-eabi/11.3.1/../../../../arm-none-eabi/lib/thumb/v8-m.main+fp/hard\libc_nano.a(libc_a-mallocr.o)
                0x000000000800a0dc                _malloc_r
 .text.__malloc_lock
                0x000000000800a1dc        0xc C:/Program Files/STMicroelectronics/STM32CubeIDE_1.11.2/STM32CubeIDE/plugins/com.st.stm32cube.ide.mcu.externaltools.gnu-tools-for-stm32.11.3.rel1.win32_1.1.0.202305231506/tools/bin/../lib/gcc/arm-none-eabi/11.3.1/../../../../arm-none-eabi/lib/thumb/v8-m.main+fp/hard\libc_nano.a(libc_a-mlock.o)
                0x000000000800a1dc                __malloc_lock
 .text.__malloc_unlock
                0x000000000800a1e8        0xc C:/Program Files/STMicroelectronics/STM32CubeIDE_1.11.2/STM32CubeIDE/plugins/com.st.stm32cube.ide.mcu.externaltools.gnu-tools-for-stm32.11.3.rel1.win32_1.1.0.202305231506/tools/bin/../lib/gcc/arm-none-eabi/11.3.1/../../../../arm-none-eabi/lib/thumb/v8-m.main+fp/hard\libc_nano.a(libc_a-mlock.o)
                0x000000000800a1e8                __malloc_unlock
 .text.std      0x000000000800a1f4       0x48 C:/Program Files/STMicroelectronics/STM32CubeIDE_1.11.2/STM32CubeIDE/plugins/com.st.stm32cube.ide.mcu.externaltools.gnu-tools-for-stm32.11.3.rel1.win32_1.1.0.202305231506/tools/bin/../lib/gcc/arm-none-eabi/11.3.1/../../../../arm-none-eabi/lib/thumb/v8-m.main+fp/hard\libc_nano.a(libc_a-findfp.o)
 .text.stdio_exit_handler
                0x000000000800a23c       0x18 C:/Program Files/STMicroelectronics/STM32CubeIDE_1.11.2/STM32CubeIDE/plugins/com.st.stm32cube.ide.mcu.externaltools.gnu-tools-for-stm32.11.3.rel1.win32_1.1.0.202305231506/tools/bin/../lib/gcc/arm-none-eabi/11.3.1/../../../../arm-none-eabi/lib/thumb/v8-m.main+fp/hard\libc_nano.a(libc_a-findfp.o)
 .text.cleanup_stdio
                0x000000000800a254       0x40 C:/Program Files/STMicroelectronics/STM32CubeIDE_1.11.2/STM32CubeIDE/plugins/com.st.stm32cube.ide.mcu.externaltools.gnu-tools-for-stm32.11.3.rel1.win32_1.1.0.202305231506/tools/bin/../lib/gcc/arm-none-eabi/11.3.1/../../../../arm-none-eabi/lib/thumb/v8-m.main+fp/hard\libc_nano.a(libc_a-findfp.o)
 .text.global_stdio_init.part.0
                0x000000000800a294       0x3c C:/Program Files/STMicroelectronics/STM32CubeIDE_1.11.2/STM32CubeIDE/plugins/com.st.stm32cube.ide.mcu.externaltools.gnu-tools-for-stm32.11.3.rel1.win32_1.1.0.202305231506/tools/bin/../lib/gcc/arm-none-eabi/11.3.1/../../../../arm-none-eabi/lib/thumb/v8-m.main+fp/hard\libc_nano.a(libc_a-findfp.o)
 .text.__sfp_lock_acquire
                0x000000000800a2d0        0xc C:/Program Files/STMicroelectronics/STM32CubeIDE_1.11.2/STM32CubeIDE/plugins/com.st.stm32cube.ide.mcu.externaltools.gnu-tools-for-stm32.11.3.rel1.win32_1.1.0.202305231506/tools/bin/../lib/gcc/arm-none-eabi/11.3.1/../../../../arm-none-eabi/lib/thumb/v8-m.main+fp/hard\libc_nano.a(libc_a-findfp.o)
                0x000000000800a2d0                __sfp_lock_acquire
 .text.__sfp_lock_release
                0x000000000800a2dc        0xc C:/Program Files/STMicroelectronics/STM32CubeIDE_1.11.2/STM32CubeIDE/plugins/com.st.stm32cube.ide.mcu.externaltools.gnu-tools-for-stm32.11.3.rel1.win32_1.1.0.202305231506/tools/bin/../lib/gcc/arm-none-eabi/11.3.1/../../../../arm-none-eabi/lib/thumb/v8-m.main+fp/hard\libc_nano.a(libc_a-findfp.o)
                0x000000000800a2dc                __sfp_lock_release
 .text.__sinit  0x000000000800a2e8       0x30 C:/Program Files/STMicroelectronics/STM32CubeIDE_1.11.2/STM32CubeIDE/plugins/com.st.stm32cube.ide.mcu.externaltools.gnu-tools-for-stm32.11.3.rel1.win32_1.1.0.202305231506/tools/bin/../lib/gcc/arm-none-eabi/11.3.1/../../../../arm-none-eabi/lib/thumb/v8-m.main+fp/hard\libc_nano.a(libc_a-findfp.o)
                0x000000000800a2e8                __sinit
 .text._fwalk_sglue
                0x000000000800a318       0x3c C:/Program Files/STMicroelectronics/STM32CubeIDE_1.11.2/STM32CubeIDE/plugins/com.st.stm32cube.ide.mcu.externaltools.gnu-tools-for-stm32.11.3.rel1.win32_1.1.0.202305231506/tools/bin/../lib/gcc/arm-none-eabi/11.3.1/../../../../arm-none-eabi/lib/thumb/v8-m.main+fp/hard\libc_nano.a(libc_a-fwalk.o)
                0x000000000800a318                _fwalk_sglue
 .text.printf   0x000000000800a354       0x24 C:/Program Files/STMicroelectronics/STM32CubeIDE_1.11.2/STM32CubeIDE/plugins/com.st.stm32cube.ide.mcu.externaltools.gnu-tools-for-stm32.11.3.rel1.win32_1.1.0.202305231506/tools/bin/../lib/gcc/arm-none-eabi/11.3.1/../../../../arm-none-eabi/lib/thumb/v8-m.main+fp/hard\libc_nano.a(libc_a-printf.o)
                0x000000000800a354                iprintf
                0x000000000800a354                printf
 .text.putchar  0x000000000800a378       0x10 C:/Program Files/STMicroelectronics/STM32CubeIDE_1.11.2/STM32CubeIDE/plugins/com.st.stm32cube.ide.mcu.externaltools.gnu-tools-for-stm32.11.3.rel1.win32_1.1.0.202305231506/tools/bin/../lib/gcc/arm-none-eabi/11.3.1/../../../../arm-none-eabi/lib/thumb/v8-m.main+fp/hard\libc_nano.a(libc_a-putchar.o)
                0x000000000800a378                putchar
 .text._puts_r  0x000000000800a388       0xa8 C:/Program Files/STMicroelectronics/STM32CubeIDE_1.11.2/STM32CubeIDE/plugins/com.st.stm32cube.ide.mcu.externaltools.gnu-tools-for-stm32.11.3.rel1.win32_1.1.0.202305231506/tools/bin/../lib/gcc/arm-none-eabi/11.3.1/../../../../arm-none-eabi/lib/thumb/v8-m.main+fp/hard\libc_nano.a(libc_a-puts.o)
                0x000000000800a388                _puts_r
 .text.puts     0x000000000800a430       0x10 C:/Program Files/STMicroelectronics/STM32CubeIDE_1.11.2/STM32CubeIDE/plugins/com.st.stm32cube.ide.mcu.externaltools.gnu-tools-for-stm32.11.3.rel1.win32_1.1.0.202305231506/tools/bin/../lib/gcc/arm-none-eabi/11.3.1/../../../../arm-none-eabi/lib/thumb/v8-m.main+fp/hard\libc_nano.a(libc_a-puts.o)
                0x000000000800a430                puts
 .text.__sread  0x000000000800a440       0x22 C:/Program Files/STMicroelectronics/STM32CubeIDE_1.11.2/STM32CubeIDE/plugins/com.st.stm32cube.ide.mcu.externaltools.gnu-tools-for-stm32.11.3.rel1.win32_1.1.0.202305231506/tools/bin/../lib/gcc/arm-none-eabi/11.3.1/../../../../arm-none-eabi/lib/thumb/v8-m.main+fp/hard\libc_nano.a(libc_a-stdio.o)
                0x000000000800a440                __sread
 .text.__swrite
                0x000000000800a462       0x38 C:/Program Files/STMicroelectronics/STM32CubeIDE_1.11.2/STM32CubeIDE/plugins/com.st.stm32cube.ide.mcu.externaltools.gnu-tools-for-stm32.11.3.rel1.win32_1.1.0.202305231506/tools/bin/../lib/gcc/arm-none-eabi/11.3.1/../../../../arm-none-eabi/lib/thumb/v8-m.main+fp/hard\libc_nano.a(libc_a-stdio.o)
                0x000000000800a462                __swrite
 .text.__sseek  0x000000000800a49a       0x24 C:/Program Files/STMicroelectronics/STM32CubeIDE_1.11.2/STM32CubeIDE/plugins/com.st.stm32cube.ide.mcu.externaltools.gnu-tools-for-stm32.11.3.rel1.win32_1.1.0.202305231506/tools/bin/../lib/gcc/arm-none-eabi/11.3.1/../../../../arm-none-eabi/lib/thumb/v8-m.main+fp/hard\libc_nano.a(libc_a-stdio.o)
                0x000000000800a49a                __sseek
 .text.__sclose
                0x000000000800a4be        0x8 C:/Program Files/STMicroelectronics/STM32CubeIDE_1.11.2/STM32CubeIDE/plugins/com.st.stm32cube.ide.mcu.externaltools.gnu-tools-for-stm32.11.3.rel1.win32_1.1.0.202305231506/tools/bin/../lib/gcc/arm-none-eabi/11.3.1/../../../../arm-none-eabi/lib/thumb/v8-m.main+fp/hard\libc_nano.a(libc_a-stdio.o)
                0x000000000800a4be                __sclose
 .text.__swbuf_r
                0x000000000800a4c6       0x7a C:/Program Files/STMicroelectronics/STM32CubeIDE_1.11.2/STM32CubeIDE/plugins/com.st.stm32cube.ide.mcu.externaltools.gnu-tools-for-stm32.11.3.rel1.win32_1.1.0.202305231506/tools/bin/../lib/gcc/arm-none-eabi/11.3.1/../../../../arm-none-eabi/lib/thumb/v8-m.main+fp/hard\libc_nano.a(libc_a-wbuf.o)
                0x000000000800a4c6                __swbuf_r
 .text.__swsetup_r
                0x000000000800a540       0xb0 C:/Program Files/STMicroelectronics/STM32CubeIDE_1.11.2/STM32CubeIDE/plugins/com.st.stm32cube.ide.mcu.externaltools.gnu-tools-for-stm32.11.3.rel1.win32_1.1.0.202305231506/tools/bin/../lib/gcc/arm-none-eabi/11.3.1/../../../../arm-none-eabi/lib/thumb/v8-m.main+fp/hard\libc_nano.a(libc_a-wsetup.o)
                0x000000000800a540                __swsetup_r
 .text.memset   0x000000000800a5f0       0x10 C:/Program Files/STMicroelectronics/STM32CubeIDE_1.11.2/STM32CubeIDE/plugins/com.st.stm32cube.ide.mcu.externaltools.gnu-tools-for-stm32.11.3.rel1.win32_1.1.0.202305231506/tools/bin/../lib/gcc/arm-none-eabi/11.3.1/../../../../arm-none-eabi/lib/thumb/v8-m.main+fp/hard\libc_nano.a(libc_a-memset.o)
                0x000000000800a5f0                memset
 .text._close_r
                0x000000000800a600       0x20 C:/Program Files/STMicroelectronics/STM32CubeIDE_1.11.2/STM32CubeIDE/plugins/com.st.stm32cube.ide.mcu.externaltools.gnu-tools-for-stm32.11.3.rel1.win32_1.1.0.202305231506/tools/bin/../lib/gcc/arm-none-eabi/11.3.1/../../../../arm-none-eabi/lib/thumb/v8-m.main+fp/hard\libc_nano.a(libc_a-closer.o)
                0x000000000800a600                _close_r
 .text._lseek_r
                0x000000000800a620       0x24 C:/Program Files/STMicroelectronics/STM32CubeIDE_1.11.2/STM32CubeIDE/plugins/com.st.stm32cube.ide.mcu.externaltools.gnu-tools-for-stm32.11.3.rel1.win32_1.1.0.202305231506/tools/bin/../lib/gcc/arm-none-eabi/11.3.1/../../../../arm-none-eabi/lib/thumb/v8-m.main+fp/hard\libc_nano.a(libc_a-lseekr.o)
                0x000000000800a620                _lseek_r
 .text._read_r  0x000000000800a644       0x24 C:/Program Files/STMicroelectronics/STM32CubeIDE_1.11.2/STM32CubeIDE/plugins/com.st.stm32cube.ide.mcu.externaltools.gnu-tools-for-stm32.11.3.rel1.win32_1.1.0.202305231506/tools/bin/../lib/gcc/arm-none-eabi/11.3.1/../../../../arm-none-eabi/lib/thumb/v8-m.main+fp/hard\libc_nano.a(libc_a-readr.o)
                0x000000000800a644                _read_r
 .text._sbrk_r  0x000000000800a668       0x20 C:/Program Files/STMicroelectronics/STM32CubeIDE_1.11.2/STM32CubeIDE/plugins/com.st.stm32cube.ide.mcu.externaltools.gnu-tools-for-stm32.11.3.rel1.win32_1.1.0.202305231506/tools/bin/../lib/gcc/arm-none-eabi/11.3.1/../../../../arm-none-eabi/lib/thumb/v8-m.main+fp/hard\libc_nano.a(libc_a-sbrkr.o)
                0x000000000800a668                _sbrk_r
 .text._write_r
                0x000000000800a688       0x24 C:/Program Files/STMicroelectronics/STM32CubeIDE_1.11.2/STM32CubeIDE/plugins/com.st.stm32cube.ide.mcu.externaltools.gnu-tools-for-stm32.11.3.rel1.win32_1.1.0.202305231506/tools/bin/../lib/gcc/arm-none-eabi/11.3.1/../../../../arm-none-eabi/lib/thumb/v8-m.main+fp/hard\libc_nano.a(libc_a-writer.o)
                0x000000000800a688                _write_r
 .text.__errno  0x000000000800a6ac        0xc C:/Program Files/STMicroelectronics/STM32CubeIDE_1.11.2/STM32CubeIDE/plugins/com.st.stm32cube.ide.mcu.externaltools.gnu-tools-for-stm32.11.3.rel1.win32_1.1.0.202305231506/tools/bin/../lib/gcc/arm-none-eabi/11.3.1/../../../../arm-none-eabi/lib/thumb/v8-m.main+fp/hard\libc_nano.a(libc_a-errno.o)
                0x000000000800a6ac                __errno
 .text.__libc_init_array
                0x000000000800a6b8       0x48 C:/Program Files/STMicroelectronics/STM32CubeIDE_1.11.2/STM32CubeIDE/plugins/com.st.stm32cube.ide.mcu.externaltools.gnu-tools-for-stm32.11.3.rel1.win32_1.1.0.202305231506/tools/bin/../lib/gcc/arm-none-eabi/11.3.1/../../../../arm-none-eabi/lib/thumb/v8-m.main+fp/hard\libc_nano.a(libc_a-init.o)
                0x000000000800a6b8                __libc_init_array
 .text.__retarget_lock_acquire_recursive
                0x000000000800a700        0x2 C:/Program Files/STMicroelectronics/STM32CubeIDE_1.11.2/STM32CubeIDE/plugins/com.st.stm32cube.ide.mcu.externaltools.gnu-tools-for-stm32.11.3.rel1.win32_1.1.0.202305231506/tools/bin/../lib/gcc/arm-none-eabi/11.3.1/../../../../arm-none-eabi/lib/thumb/v8-m.main+fp/hard\libc_nano.a(libc_a-lock.o)
                0x000000000800a700                __retarget_lock_acquire_recursive
 .text.__retarget_lock_release_recursive
                0x000000000800a702        0x2 C:/Program Files/STMicroelectronics/STM32CubeIDE_1.11.2/STM32CubeIDE/plugins/com.st.stm32cube.ide.mcu.externaltools.gnu-tools-for-stm32.11.3.rel1.win32_1.1.0.202305231506/tools/bin/../lib/gcc/arm-none-eabi/11.3.1/../../../../arm-none-eabi/lib/thumb/v8-m.main+fp/hard\libc_nano.a(libc_a-lock.o)
                0x000000000800a702                __retarget_lock_release_recursive
 .text.memcpy   0x000000000800a704       0x1a C:/Program Files/STMicroelectronics/STM32CubeIDE_1.11.2/STM32CubeIDE/plugins/com.st.stm32cube.ide.mcu.externaltools.gnu-tools-for-stm32.11.3.rel1.win32_1.1.0.202305231506/tools/bin/../lib/gcc/arm-none-eabi/11.3.1/../../../../arm-none-eabi/lib/thumb/v8-m.main+fp/hard\libc_nano.a(libc_a-memcpy-stub.o)
                0x000000000800a704                memcpy
 *fill*         0x000000000800a71e        0x2 
 .text._free_r  0x000000000800a720       0x98 C:/Program Files/STMicroelectronics/STM32CubeIDE_1.11.2/STM32CubeIDE/plugins/com.st.stm32cube.ide.mcu.externaltools.gnu-tools-for-stm32.11.3.rel1.win32_1.1.0.202305231506/tools/bin/../lib/gcc/arm-none-eabi/11.3.1/../../../../arm-none-eabi/lib/thumb/v8-m.main+fp/hard\libc_nano.a(libc_a-freer.o)
                0x000000000800a720                _free_r
 .text.__sfputc_r
                0x000000000800a7b8       0x2e C:/Program Files/STMicroelectronics/STM32CubeIDE_1.11.2/STM32CubeIDE/plugins/com.st.stm32cube.ide.mcu.externaltools.gnu-tools-for-stm32.11.3.rel1.win32_1.1.0.202305231506/tools/bin/../lib/gcc/arm-none-eabi/11.3.1/../../../../arm-none-eabi/lib/thumb/v8-m.main+fp/hard\libc_nano.a(libc_a-nano-vfprintf.o)
 .text.__sfputs_r
                0x000000000800a7e6       0x24 C:/Program Files/STMicroelectronics/STM32CubeIDE_1.11.2/STM32CubeIDE/plugins/com.st.stm32cube.ide.mcu.externaltools.gnu-tools-for-stm32.11.3.rel1.win32_1.1.0.202305231506/tools/bin/../lib/gcc/arm-none-eabi/11.3.1/../../../../arm-none-eabi/lib/thumb/v8-m.main+fp/hard\libc_nano.a(libc_a-nano-vfprintf.o)
                0x000000000800a7e6                __sfputs_r
 *fill*         0x000000000800a80a        0x2 
 .text._vfprintf_r
                0x000000000800a80c      0x234 C:/Program Files/STMicroelectronics/STM32CubeIDE_1.11.2/STM32CubeIDE/plugins/com.st.stm32cube.ide.mcu.externaltools.gnu-tools-for-stm32.11.3.rel1.win32_1.1.0.202305231506/tools/bin/../lib/gcc/arm-none-eabi/11.3.1/../../../../arm-none-eabi/lib/thumb/v8-m.main+fp/hard\libc_nano.a(libc_a-nano-vfprintf.o)
                0x000000000800a80c                _vfprintf_r
                0x000000000800a80c                _vfiprintf_r
 .text._printf_common
                0x000000000800aa40       0xe4 C:/Program Files/STMicroelectronics/STM32CubeIDE_1.11.2/STM32CubeIDE/plugins/com.st.stm32cube.ide.mcu.externaltools.gnu-tools-for-stm32.11.3.rel1.win32_1.1.0.202305231506/tools/bin/../lib/gcc/arm-none-eabi/11.3.1/../../../../arm-none-eabi/lib/thumb/v8-m.main+fp/hard\libc_nano.a(libc_a-nano-vfprintf_i.o)
                0x000000000800aa40                _printf_common
 .text._printf_i
                0x000000000800ab24      0x240 C:/Program Files/STMicroelectronics/STM32CubeIDE_1.11.2/STM32CubeIDE/plugins/com.st.stm32cube.ide.mcu.externaltools.gnu-tools-for-stm32.11.3.rel1.win32_1.1.0.202305231506/tools/bin/../lib/gcc/arm-none-eabi/11.3.1/../../../../arm-none-eabi/lib/thumb/v8-m.main+fp/hard\libc_nano.a(libc_a-nano-vfprintf_i.o)
                0x000000000800ab24                _printf_i
 .text.__sflush_r
                0x000000000800ad64      0x108 C:/Program Files/STMicroelectronics/STM32CubeIDE_1.11.2/STM32CubeIDE/plugins/com.st.stm32cube.ide.mcu.externaltools.gnu-tools-for-stm32.11.3.rel1.win32_1.1.0.202305231506/tools/bin/../lib/gcc/arm-none-eabi/11.3.1/../../../../arm-none-eabi/lib/thumb/v8-m.main+fp/hard\libc_nano.a(libc_a-fflush.o)
                0x000000000800ad64                __sflush_r
 .text._fflush_r
                0x000000000800ae6c       0x50 C:/Program Files/STMicroelectronics/STM32CubeIDE_1.11.2/STM32CubeIDE/plugins/com.st.stm32cube.ide.mcu.externaltools.gnu-tools-for-stm32.11.3.rel1.win32_1.1.0.202305231506/tools/bin/../lib/gcc/arm-none-eabi/11.3.1/../../../../arm-none-eabi/lib/thumb/v8-m.main+fp/hard\libc_nano.a(libc_a-fflush.o)
                0x000000000800ae6c                _fflush_r
 .text.__swhatbuf_r
                0x000000000800aebc       0x4a C:/Program Files/STMicroelectronics/STM32CubeIDE_1.11.2/STM32CubeIDE/plugins/com.st.stm32cube.ide.mcu.externaltools.gnu-tools-for-stm32.11.3.rel1.win32_1.1.0.202305231506/tools/bin/../lib/gcc/arm-none-eabi/11.3.1/../../../../arm-none-eabi/lib/thumb/v8-m.main+fp/hard\libc_nano.a(libc_a-makebuf.o)
                0x000000000800aebc                __swhatbuf_r
 .text.__smakebuf_r
                0x000000000800af06       0x78 C:/Program Files/STMicroelectronics/STM32CubeIDE_1.11.2/STM32CubeIDE/plugins/com.st.stm32cube.ide.mcu.externaltools.gnu-tools-for-stm32.11.3.rel1.win32_1.1.0.202305231506/tools/bin/../lib/gcc/arm-none-eabi/11.3.1/../../../../arm-none-eabi/lib/thumb/v8-m.main+fp/hard\libc_nano.a(libc_a-makebuf.o)
                0x000000000800af06                __smakebuf_r
 .text._putc_r  0x000000000800af7e       0x68 C:/Program Files/STMicroelectronics/STM32CubeIDE_1.11.2/STM32CubeIDE/plugins/com.st.stm32cube.ide.mcu.externaltools.gnu-tools-for-stm32.11.3.rel1.win32_1.1.0.202305231506/tools/bin/../lib/gcc/arm-none-eabi/11.3.1/../../../../arm-none-eabi/lib/thumb/v8-m.main+fp/hard\libc_nano.a(libc_a-putc.o)
                0x000000000800af7e                _putc_r
 *fill*         0x000000000800afe6        0x2 
 .text._fstat_r
                0x000000000800afe8       0x24 C:/Program Files/STMicroelectronics/STM32CubeIDE_1.11.2/STM32CubeIDE/plugins/com.st.stm32cube.ide.mcu.externaltools.gnu-tools-for-stm32.11.3.rel1.win32_1.1.0.202305231506/tools/bin/../lib/gcc/arm-none-eabi/11.3.1/../../../../arm-none-eabi/lib/thumb/v8-m.main+fp/hard\libc_nano.a(libc_a-fstatr.o)
                0x000000000800afe8                _fstat_r
 .text._isatty_r
                0x000000000800b00c       0x20 C:/Program Files/STMicroelectronics/STM32CubeIDE_1.11.2/STM32CubeIDE/plugins/com.st.stm32cube.ide.mcu.externaltools.gnu-tools-for-stm32.11.3.rel1.win32_1.1.0.202305231506/tools/bin/../lib/gcc/arm-none-eabi/11.3.1/../../../../arm-none-eabi/lib/thumb/v8-m.main+fp/hard\libc_nano.a(libc_a-isattyr.o)
                0x000000000800b00c                _isatty_r
 .text.memchr   0x000000000800b02c       0x1c C:/Program Files/STMicroelectronics/STM32CubeIDE_1.11.2/STM32CubeIDE/plugins/com.st.stm32cube.ide.mcu.externaltools.gnu-tools-for-stm32.11.3.rel1.win32_1.1.0.202305231506/tools/bin/../lib/gcc/arm-none-eabi/11.3.1/../../../../arm-none-eabi/lib/thumb/v8-m.main+fp/hard\libc_nano.a(libc_a-memchr-stub.o)
                0x000000000800b02c                memchr
 *(.glue_7)
 .glue_7        0x000000000800b048        0x0 linker stubs
 *(.glue_7t)
 .glue_7t       0x000000000800b048        0x0 linker stubs
 *(.eh_frame)
 .eh_frame      0x000000000800b048        0x0 C:/Program Files/STMicroelectronics/STM32CubeIDE_1.11.2/STM32CubeIDE/plugins/com.st.stm32cube.ide.mcu.externaltools.gnu-tools-for-stm32.11.3.rel1.win32_1.1.0.202305231506/tools/bin/../lib/gcc/arm-none-eabi/11.3.1/thumb/v8-m.main+fp/hard/crtbegin.o
 *(.init)
 .init          0x000000000800b048        0x4 C:/Program Files/STMicroelectronics/STM32CubeIDE_1.11.2/STM32CubeIDE/plugins/com.st.stm32cube.ide.mcu.externaltools.gnu-tools-for-stm32.11.3.rel1.win32_1.1.0.202305231506/tools/bin/../lib/gcc/arm-none-eabi/11.3.1/thumb/v8-m.main+fp/hard/crti.o
                0x000000000800b048                _init
 .init          0x000000000800b04c        0x8 C:/Program Files/STMicroelectronics/STM32CubeIDE_1.11.2/STM32CubeIDE/plugins/com.st.stm32cube.ide.mcu.externaltools.gnu-tools-for-stm32.11.3.rel1.win32_1.1.0.202305231506/tools/bin/../lib/gcc/arm-none-eabi/11.3.1/thumb/v8-m.main+fp/hard/crtn.o
 *(.fini)
 .fini          0x000000000800b054        0x4 C:/Program Files/STMicroelectronics/STM32CubeIDE_1.11.2/STM32CubeIDE/plugins/com.st.stm32cube.ide.mcu.externaltools.gnu-tools-for-stm32.11.3.rel1.win32_1.1.0.202305231506/tools/bin/../lib/gcc/arm-none-eabi/11.3.1/thumb/v8-m.main+fp/hard/crti.o
                0x000000000800b054                _fini
 .fini          0x000000000800b058        0x8 C:/Program Files/STMicroelectronics/STM32CubeIDE_1.11.2/STM32CubeIDE/plugins/com.st.stm32cube.ide.mcu.externaltools.gnu-tools-for-stm32.11.3.rel1.win32_1.1.0.202305231506/tools/bin/../lib/gcc/arm-none-eabi/11.3.1/thumb/v8-m.main+fp/hard/crtn.o
                0x000000000800b060                _etext = .

.vfp11_veneer   0x000000000800b060        0x0
 .vfp11_veneer  0x000000000800b060        0x0 linker stubs

.v4_bx          0x000000000800b060        0x0
 .v4_bx         0x000000000800b060        0x0 linker stubs

.iplt           0x000000000800b060        0x0
 .iplt          0x000000000800b060        0x0 C:/Program Files/STMicroelectronics/STM32CubeIDE_1.11.2/STM32CubeIDE/plugins/com.st.stm32cube.ide.mcu.externaltools.gnu-tools-for-stm32.11.3.rel1.win32_1.1.0.202305231506/tools/bin/../lib/gcc/arm-none-eabi/11.3.1/thumb/v8-m.main+fp/hard/crtbegin.o

.rodata         0x000000000800b060     0x13f3
 *(.rodata)
 .rodata        0x000000000800b060      0x399 ./Src/bgapi.o
 *fill*         0x000000000800b3f9        0x3 
 .rodata        0x000000000800b3fc      0x872 ./Src/flash.o
 *fill*         0x000000000800bc6e        0x2 
 .rodata        0x000000000800bc70      0x16b ./Src/main.o
 *fill*         0x000000000800bddb        0x1 
 .rodata        0x000000000800bddc      0x40f ./Src/ota.o
 *fill*         0x000000000800c1eb        0x1 
 .rodata        0x000000000800c1ec       0x31 ./Src/uart.o
 *fill*         0x000000000800c21d        0x3 
 .rodata        0x000000000800c220       0xfe ./Src/util.o
 *(.rodata*)
 *fill*         0x000000000800c31e        0x2 
 .rodata.LPGPIO_Map
                0x000000000800c320       0x80 ./Drivers/STM32U5xx_HAL_Driver/Src/stm32u5xx_hal_gpio.o
 .rodata.UARTPrescTable
                0x000000000800c3a0       0x18 ./Drivers/STM32U5xx_HAL_Driver/Src/stm32u5xx_hal_uart.o
                0x000000000800c3a0                UARTPrescTable
 .rodata.numerator.1
                0x000000000800c3b8        0x8 ./Drivers/STM32U5xx_HAL_Driver/Src/stm32u5xx_hal_uart_ex.o
 .rodata.denominator.0
                0x000000000800c3c0        0x8 ./Drivers/STM32U5xx_HAL_Driver/Src/stm32u5xx_hal_uart_ex.o
 .rodata.AHBPrescTable
                0x000000000800c3c8       0x10 ./Src/system_stm32u5xx.o
                0x000000000800c3c8                AHBPrescTable
 .rodata.APBPrescTable
                0x000000000800c3d8        0x8 ./Src/system_stm32u5xx.o
                0x000000000800c3d8                APBPrescTable
 .rodata.MSIRangeTable
                0x000000000800c3e0       0x40 ./Src/system_stm32u5xx.o
                0x000000000800c3e0                MSIRangeTable
 .rodata._vfprintf_r.str1.1
                0x000000000800c420       0x11 C:/Program Files/STMicroelectronics/STM32CubeIDE_1.11.2/STM32CubeIDE/plugins/com.st.stm32cube.ide.mcu.externaltools.gnu-tools-for-stm32.11.3.rel1.win32_1.1.0.202305231506/tools/bin/../lib/gcc/arm-none-eabi/11.3.1/../../../../arm-none-eabi/lib/thumb/v8-m.main+fp/hard\libc_nano.a(libc_a-nano-vfprintf.o)
 .rodata._printf_i.str1.1
                0x000000000800c431       0x22 C:/Program Files/STMicroelectronics/STM32CubeIDE_1.11.2/STM32CubeIDE/plugins/com.st.stm32cube.ide.mcu.externaltools.gnu-tools-for-stm32.11.3.rel1.win32_1.1.0.202305231506/tools/bin/../lib/gcc/arm-none-eabi/11.3.1/../../../../arm-none-eabi/lib/thumb/v8-m.main+fp/hard\libc_nano.a(libc_a-nano-vfprintf_i.o)

.ARM.extab
 *(.ARM.extab* .gnu.linkonce.armextab.*)

.ARM            0x000000000800c454        0x8
                0x000000000800c454                __exidx_start = .
 *(.ARM.exidx*)
 .ARM.exidx     0x000000000800c454        0x8 C:/Program Files/STMicroelectronics/STM32CubeIDE_1.11.2/STM32CubeIDE/plugins/com.st.stm32cube.ide.mcu.externaltools.gnu-tools-for-stm32.11.3.rel1.win32_1.1.0.202305231506/tools/bin/../lib/gcc/arm-none-eabi/11.3.1/thumb/v8-m.main+fp/hard\libgcc.a(_udivmoddi4.o)
                0x000000000800c45c                __exidx_end = .

.rel.dyn        0x000000000800c45c        0x0
 .rel.iplt      0x000000000800c45c        0x0 C:/Program Files/STMicroelectronics/STM32CubeIDE_1.11.2/STM32CubeIDE/plugins/com.st.stm32cube.ide.mcu.externaltools.gnu-tools-for-stm32.11.3.rel1.win32_1.1.0.202305231506/tools/bin/../lib/gcc/arm-none-eabi/11.3.1/thumb/v8-m.main+fp/hard/crtbegin.o

.preinit_array  0x000000000800c45c        0x0
                0x000000000800c45c                PROVIDE (__preinit_array_start = .)
 *(.preinit_array*)
                0x000000000800c45c                PROVIDE (__preinit_array_end = .)

.init_array     0x000000000800c45c        0x4
                0x000000000800c45c                PROVIDE (__init_array_start = .)
 *(SORT_BY_NAME(.init_array.*))
 *(.init_array*)
 .init_array    0x000000000800c45c        0x4 C:/Program Files/STMicroelectronics/STM32CubeIDE_1.11.2/STM32CubeIDE/plugins/com.st.stm32cube.ide.mcu.externaltools.gnu-tools-for-stm32.11.3.rel1.win32_1.1.0.202305231506/tools/bin/../lib/gcc/arm-none-eabi/11.3.1/thumb/v8-m.main+fp/hard/crtbegin.o
                0x000000000800c460                PROVIDE (__init_array_end = .)

.fini_array     0x000000000800c460        0x4
                [!provide]                        PROVIDE (__fini_array_start = .)
 *(SORT_BY_NAME(.fini_array.*))
 *(.fini_array*)
 .fini_array    0x000000000800c460        0x4 C:/Program Files/STMicroelectronics/STM32CubeIDE_1.11.2/STM32CubeIDE/plugins/com.st.stm32cube.ide.mcu.externaltools.gnu-tools-for-stm32.11.3.rel1.win32_1.1.0.202305231506/tools/bin/../lib/gcc/arm-none-eabi/11.3.1/thumb/v8-m.main+fp/hard/crtbegin.o
                [!provide]                        PROVIDE (__fini_array_end = .)
                0x000000000800c464                _sidata = LOADADDR (.data)

.data           0x0000000020000000       0x84 load address 0x000000000800c464
                0x0000000020000000                _sdata = .
 *(.data)
 *(.data*)
 .data.uwTickPrio
                0x0000000020000000        0x4 ./Drivers/STM32U5xx_HAL_Driver/Src/stm32u5xx_hal.o
                0x0000000020000000                uwTickPrio
 .data.uwTickFreq
                0x0000000020000004        0x1 ./Drivers/STM32U5xx_HAL_Driver/Src/stm32u5xx_hal.o
                0x0000000020000004                uwTickFreq
 *fill*         0x0000000020000005        0x3 
 .data.pFlash   0x0000000020000008       0x1c ./Drivers/STM32U5xx_HAL_Driver/Src/stm32u5xx_hal_flash.o
                0x0000000020000008                pFlash
 .data.SystemCoreClock
                0x0000000020000024        0x4 ./Src/system_stm32u5xx.o
                0x0000000020000024                SystemCoreClock
 .data.__sglue  0x0000000020000028        0xc C:/Program Files/STMicroelectronics/STM32CubeIDE_1.11.2/STM32CubeIDE/plugins/com.st.stm32cube.ide.mcu.externaltools.gnu-tools-for-stm32.11.3.rel1.win32_1.1.0.202305231506/tools/bin/../lib/gcc/arm-none-eabi/11.3.1/../../../../arm-none-eabi/lib/thumb/v8-m.main+fp/hard\libc_nano.a(libc_a-findfp.o)
                0x0000000020000028                __sglue
 .data._impure_data
                0x0000000020000034       0x4c C:/Program Files/STMicroelectronics/STM32CubeIDE_1.11.2/STM32CubeIDE/plugins/com.st.stm32cube.ide.mcu.externaltools.gnu-tools-for-stm32.11.3.rel1.win32_1.1.0.202305231506/tools/bin/../lib/gcc/arm-none-eabi/11.3.1/../../../../arm-none-eabi/lib/thumb/v8-m.main+fp/hard\libc_nano.a(libc_a-impure.o)
                0x0000000020000034                _impure_data
 .data._impure_ptr
                0x0000000020000080        0x4 C:/Program Files/STMicroelectronics/STM32CubeIDE_1.11.2/STM32CubeIDE/plugins/com.st.stm32cube.ide.mcu.externaltools.gnu-tools-for-stm32.11.3.rel1.win32_1.1.0.202305231506/tools/bin/../lib/gcc/arm-none-eabi/11.3.1/../../../../arm-none-eabi/lib/thumb/v8-m.main+fp/hard\libc_nano.a(libc_a-impure.o)
                0x0000000020000080                _impure_ptr
 *(.RamFunc)
 *(.RamFunc*)
                0x0000000020000084                _edata = .

.igot.plt       0x0000000020000084        0x0 load address 0x000000000800c4e8
 .igot.plt      0x0000000020000084        0x0 C:/Program Files/STMicroelectronics/STM32CubeIDE_1.11.2/STM32CubeIDE/plugins/com.st.stm32cube.ide.mcu.externaltools.gnu-tools-for-stm32.11.3.rel1.win32_1.1.0.202305231506/tools/bin/../lib/gcc/arm-none-eabi/11.3.1/thumb/v8-m.main+fp/hard/crtbegin.o

.bss            0x0000000020000084     0x6b4a load address 0x000000000800c4e8
                0x0000000020000084                _sbss = .
                0x0000000020000084                __bss_start__ = _sbss
 *(.bss)
 .bss           0x0000000020000084       0x1c C:/Program Files/STMicroelectronics/STM32CubeIDE_1.11.2/STM32CubeIDE/plugins/com.st.stm32cube.ide.mcu.externaltools.gnu-tools-for-stm32.11.3.rel1.win32_1.1.0.202305231506/tools/bin/../lib/gcc/arm-none-eabi/11.3.1/thumb/v8-m.main+fp/hard/crtbegin.o
 *(.bss*)
 .bss.uwTick    0x00000000200000a0        0x4 ./Drivers/STM32U5xx_HAL_Driver/Src/stm32u5xx_hal.o
                0x00000000200000a0                uwTick
 .bss.bglib_temp_msg
                0x00000000200000a4       0x1c ./Src/bgapi.o
                0x00000000200000a4                bglib_temp_msg
 .bss.bglib_output
                0x00000000200000c0        0x4 ./Src/bgapi.o
                0x00000000200000c0                bglib_output
 .bss.huartBGAPI
                0x00000000200000c4        0x4 ./Src/bgapi.o
                0x00000000200000c4                huartBGAPI
 .bss.hhash     0x00000000200000c8       0x44 ./Src/main.o
                0x00000000200000c8                hhash
 .bss.huart1    0x000000002000010c       0x94 ./Src/main.o
                0x000000002000010c                huart1
 .bss.huart2    0x00000000200001a0       0x94 ./Src/main.o
                0x00000000200001a0                huart2
 .bss.huart1RxInterruptBuffer
                0x0000000020000234        0x1 ./Src/main.o
                0x0000000020000234                huart1RxInterruptBuffer
 *fill*         0x0000000020000235        0x3 
 .bss.huart2RxInterruptBuffer
                0x0000000020000238        0x1 ./Src/main.o
                0x0000000020000238                huart2RxInterruptBuffer
 *fill*         0x0000000020000239        0x3 
 .bss.bg_buffer.0
                0x000000002000023c      0x804 ./Src/ota.o
 .bss.__sbrk_heap_end
                0x0000000020000a40        0x4 ./Src/sysmem.o
 .bss.UARTHandles
                0x0000000020000a44       0x28 ./Src/uart.o
                0x0000000020000a44                UARTHandles
 .bss.uart1_rx_it_buffer_length
                0x0000000020000a6c        0x4 ./Src/uart.o
                0x0000000020000a6c                uart1_rx_it_buffer_length
 .bss.uart1_rx_it_put_idx
                0x0000000020000a70        0x4 ./Src/uart.o
                0x0000000020000a70                uart1_rx_it_put_idx
 .bss.uart1_rx_it_get_idx
                0x0000000020000a74        0x4 ./Src/uart.o
                0x0000000020000a74                uart1_rx_it_get_idx
 .bss.uart1_rx_it_buffer
                0x0000000020000a78     0x3000 ./Src/uart.o
                0x0000000020000a78                uart1_rx_it_buffer
 .bss.uart2_rx_it_buffer_length
                0x0000000020003a78        0x4 ./Src/uart.o
                0x0000000020003a78                uart2_rx_it_buffer_length
 .bss.uart2_rx_it_put_idx
                0x0000000020003a7c        0x4 ./Src/uart.o
                0x0000000020003a7c                uart2_rx_it_put_idx
 .bss.uart2_rx_it_get_idx
                0x0000000020003a80        0x4 ./Src/uart.o
                0x0000000020003a80                uart2_rx_it_get_idx
 .bss.uart2_rx_it_buffer
                0x0000000020003a84     0x3000 ./Src/uart.o
                0x0000000020003a84                uart2_rx_it_buffer
 .bss.__malloc_free_list
                0x0000000020006a84        0x4 C:/Program Files/STMicroelectronics/STM32CubeIDE_1.11.2/STM32CubeIDE/plugins/com.st.stm32cube.ide.mcu.externaltools.gnu-tools-for-stm32.11.3.rel1.win32_1.1.0.202305231506/tools/bin/../lib/gcc/arm-none-eabi/11.3.1/../../../../arm-none-eabi/lib/thumb/v8-m.main+fp/hard\libc_nano.a(libc_a-mallocr.o)
                0x0000000020006a84                __malloc_free_list
 .bss.__malloc_sbrk_start
                0x0000000020006a88        0x4 C:/Program Files/STMicroelectronics/STM32CubeIDE_1.11.2/STM32CubeIDE/plugins/com.st.stm32cube.ide.mcu.externaltools.gnu-tools-for-stm32.11.3.rel1.win32_1.1.0.202305231506/tools/bin/../lib/gcc/arm-none-eabi/11.3.1/../../../../arm-none-eabi/lib/thumb/v8-m.main+fp/hard\libc_nano.a(libc_a-mallocr.o)
                0x0000000020006a88                __malloc_sbrk_start
 .bss.__sf      0x0000000020006a8c      0x138 C:/Program Files/STMicroelectronics/STM32CubeIDE_1.11.2/STM32CubeIDE/plugins/com.st.stm32cube.ide.mcu.externaltools.gnu-tools-for-stm32.11.3.rel1.win32_1.1.0.202305231506/tools/bin/../lib/gcc/arm-none-eabi/11.3.1/../../../../arm-none-eabi/lib/thumb/v8-m.main+fp/hard\libc_nano.a(libc_a-findfp.o)
                0x0000000020006a8c                __sf
 .bss.__stdio_exit_handler
                0x0000000020006bc4        0x4 C:/Program Files/STMicroelectronics/STM32CubeIDE_1.11.2/STM32CubeIDE/plugins/com.st.stm32cube.ide.mcu.externaltools.gnu-tools-for-stm32.11.3.rel1.win32_1.1.0.202305231506/tools/bin/../lib/gcc/arm-none-eabi/11.3.1/../../../../arm-none-eabi/lib/thumb/v8-m.main+fp/hard\libc_nano.a(libc_a-findfp.o)
                0x0000000020006bc4                __stdio_exit_handler
 .bss.errno     0x0000000020006bc8        0x4 C:/Program Files/STMicroelectronics/STM32CubeIDE_1.11.2/STM32CubeIDE/plugins/com.st.stm32cube.ide.mcu.externaltools.gnu-tools-for-stm32.11.3.rel1.win32_1.1.0.202305231506/tools/bin/../lib/gcc/arm-none-eabi/11.3.1/../../../../arm-none-eabi/lib/thumb/v8-m.main+fp/hard\libc_nano.a(libc_a-reent.o)
                0x0000000020006bc8                errno
 .bss.__lock___malloc_recursive_mutex
                0x0000000020006bcc        0x1 C:/Program Files/STMicroelectronics/STM32CubeIDE_1.11.2/STM32CubeIDE/plugins/com.st.stm32cube.ide.mcu.externaltools.gnu-tools-for-stm32.11.3.rel1.win32_1.1.0.202305231506/tools/bin/../lib/gcc/arm-none-eabi/11.3.1/../../../../arm-none-eabi/lib/thumb/v8-m.main+fp/hard\libc_nano.a(libc_a-lock.o)
                0x0000000020006bcc                __lock___malloc_recursive_mutex
 .bss.__lock___sfp_recursive_mutex
                0x0000000020006bcd        0x1 C:/Program Files/STMicroelectronics/STM32CubeIDE_1.11.2/STM32CubeIDE/plugins/com.st.stm32cube.ide.mcu.externaltools.gnu-tools-for-stm32.11.3.rel1.win32_1.1.0.202305231506/tools/bin/../lib/gcc/arm-none-eabi/11.3.1/../../../../arm-none-eabi/lib/thumb/v8-m.main+fp/hard\libc_nano.a(libc_a-lock.o)
                0x0000000020006bcd                __lock___sfp_recursive_mutex
 *(COMMON)
                0x0000000020006bce                _ebss = .
                0x0000000020006bce                __bss_end__ = _ebss

._user_heap_stack
                0x0000000020006bce      0x602 load address 0x000000000800c4e8
                0x0000000020006bd0                . = ALIGN (0x8)
 *fill*         0x0000000020006bce        0x2 
                [!provide]                        PROVIDE (end = .)
                0x0000000020006bd0                PROVIDE (_end = .)
                0x0000000020006dd0                . = (. + _Min_Heap_Size)
 *fill*         0x0000000020006bd0      0x200 
                0x00000000200071d0                . = (. + _Min_Stack_Size)
 *fill*         0x0000000020006dd0      0x400 
                0x00000000200071d0                . = ALIGN (0x8)

/DISCARD/
 libc.a(*)
 libm.a(*)
 libgcc.a(*)

.ARM.attributes
                0x0000000000000000       0x36
 *(.ARM.attributes)
 .ARM.attributes
                0x0000000000000000       0x22 C:/Program Files/STMicroelectronics/STM32CubeIDE_1.11.2/STM32CubeIDE/plugins/com.st.stm32cube.ide.mcu.externaltools.gnu-tools-for-stm32.11.3.rel1.win32_1.1.0.202305231506/tools/bin/../lib/gcc/arm-none-eabi/11.3.1/thumb/v8-m.main+fp/hard/crti.o
 .ARM.attributes
                0x0000000000000022       0x38 C:/Program Files/STMicroelectronics/STM32CubeIDE_1.11.2/STM32CubeIDE/plugins/com.st.stm32cube.ide.mcu.externaltools.gnu-tools-for-stm32.11.3.rel1.win32_1.1.0.202305231506/tools/bin/../lib/gcc/arm-none-eabi/11.3.1/thumb/v8-m.main+fp/hard/crtbegin.o
 .ARM.attributes
                0x000000000000005a       0x3a ./Drivers/STM32U5xx_HAL_Driver/Src/stm32u5xx_hal.o
 .ARM.attributes
                0x0000000000000094       0x3a ./Drivers/STM32U5xx_HAL_Driver/Src/stm32u5xx_hal_cortex.o
 .ARM.attributes
                0x00000000000000ce       0x3a ./Drivers/STM32U5xx_HAL_Driver/Src/stm32u5xx_hal_dma.o
 .ARM.attributes
                0x0000000000000108       0x3a ./Drivers/STM32U5xx_HAL_Driver/Src/stm32u5xx_hal_flash.o
 .ARM.attributes
                0x0000000000000142       0x3a ./Drivers/STM32U5xx_HAL_Driver/Src/stm32u5xx_hal_flash_ex.o
 .ARM.attributes
                0x000000000000017c       0x3a ./Drivers/STM32U5xx_HAL_Driver/Src/stm32u5xx_hal_gpio.o
 .ARM.attributes
                0x00000000000001b6       0x3a ./Drivers/STM32U5xx_HAL_Driver/Src/stm32u5xx_hal_hash.o
 .ARM.attributes
                0x00000000000001f0       0x3a ./Drivers/STM32U5xx_HAL_Driver/Src/stm32u5xx_hal_hash_ex.o
 .ARM.attributes
                0x000000000000022a       0x3a ./Drivers/STM32U5xx_HAL_Driver/Src/stm32u5xx_hal_icache.o
 .ARM.attributes
                0x0000000000000264       0x3a ./Drivers/STM32U5xx_HAL_Driver/Src/stm32u5xx_hal_pwr_ex.o
 .ARM.attributes
                0x000000000000029e       0x3a ./Drivers/STM32U5xx_HAL_Driver/Src/stm32u5xx_hal_rcc.o
 .ARM.attributes
                0x00000000000002d8       0x3a ./Drivers/STM32U5xx_HAL_Driver/Src/stm32u5xx_hal_rcc_ex.o
 .ARM.attributes
                0x0000000000000312       0x3a ./Drivers/STM32U5xx_HAL_Driver/Src/stm32u5xx_hal_uart.o
 .ARM.attributes
                0x000000000000034c       0x3a ./Drivers/STM32U5xx_HAL_Driver/Src/stm32u5xx_hal_uart_ex.o
 .ARM.attributes
                0x0000000000000386       0x3a ./Src/bgapi.o
 .ARM.attributes
                0x00000000000003c0       0x3a ./Src/flash.o
 .ARM.attributes
                0x00000000000003fa       0x3a ./Src/main.o
 .ARM.attributes
                0x0000000000000434       0x3a ./Src/ota.o
 .ARM.attributes
                0x000000000000046e       0x3a ./Src/stm32u5xx_hal_msp.o
 .ARM.attributes
                0x00000000000004a8       0x3a ./Src/stm32u5xx_it.o
 .ARM.attributes
                0x00000000000004e2       0x3a ./Src/syscalls.o
 .ARM.attributes
                0x000000000000051c       0x3a ./Src/sysmem.o
 .ARM.attributes
                0x0000000000000556       0x3a ./Src/system_stm32u5xx.o
 .ARM.attributes
                0x0000000000000590       0x3a ./Src/uart.o
 .ARM.attributes
                0x00000000000005ca       0x3a ./Src/util.o
 .ARM.attributes
                0x0000000000000604       0x24 ./Startup/startup_stm32u5a5zjtxq.o
 .ARM.attributes
                0x0000000000000628       0x38 C:/Program Files/STMicroelectronics/STM32CubeIDE_1.11.2/STM32CubeIDE/plugins/com.st.stm32cube.ide.mcu.externaltools.gnu-tools-for-stm32.11.3.rel1.win32_1.1.0.202305231506/tools/bin/../lib/gcc/arm-none-eabi/11.3.1/../../../../arm-none-eabi/lib/thumb/v8-m.main+fp/hard\libc_nano.a(libc_a-mallocr.o)
 .ARM.attributes
                0x0000000000000660       0x38 C:/Program Files/STMicroelectronics/STM32CubeIDE_1.11.2/STM32CubeIDE/plugins/com.st.stm32cube.ide.mcu.externaltools.gnu-tools-for-stm32.11.3.rel1.win32_1.1.0.202305231506/tools/bin/../lib/gcc/arm-none-eabi/11.3.1/../../../../arm-none-eabi/lib/thumb/v8-m.main+fp/hard\libc_nano.a(libc_a-mlock.o)
 .ARM.attributes
                0x0000000000000698       0x38 C:/Program Files/STMicroelectronics/STM32CubeIDE_1.11.2/STM32CubeIDE/plugins/com.st.stm32cube.ide.mcu.externaltools.gnu-tools-for-stm32.11.3.rel1.win32_1.1.0.202305231506/tools/bin/../lib/gcc/arm-none-eabi/11.3.1/../../../../arm-none-eabi/lib/thumb/v8-m.main+fp/hard\libc_nano.a(libc_a-findfp.o)
 .ARM.attributes
                0x00000000000006d0       0x38 C:/Program Files/STMicroelectronics/STM32CubeIDE_1.11.2/STM32CubeIDE/plugins/com.st.stm32cube.ide.mcu.externaltools.gnu-tools-for-stm32.11.3.rel1.win32_1.1.0.202305231506/tools/bin/../lib/gcc/arm-none-eabi/11.3.1/../../../../arm-none-eabi/lib/thumb/v8-m.main+fp/hard\libc_nano.a(libc_a-fwalk.o)
 .ARM.attributes
                0x0000000000000708       0x38 C:/Program Files/STMicroelectronics/STM32CubeIDE_1.11.2/STM32CubeIDE/plugins/com.st.stm32cube.ide.mcu.externaltools.gnu-tools-for-stm32.11.3.rel1.win32_1.1.0.202305231506/tools/bin/../lib/gcc/arm-none-eabi/11.3.1/../../../../arm-none-eabi/lib/thumb/v8-m.main+fp/hard\libc_nano.a(libc_a-printf.o)
 .ARM.attributes
                0x0000000000000740       0x38 C:/Program Files/STMicroelectronics/STM32CubeIDE_1.11.2/STM32CubeIDE/plugins/com.st.stm32cube.ide.mcu.externaltools.gnu-tools-for-stm32.11.3.rel1.win32_1.1.0.202305231506/tools/bin/../lib/gcc/arm-none-eabi/11.3.1/../../../../arm-none-eabi/lib/thumb/v8-m.main+fp/hard\libc_nano.a(libc_a-putchar.o)
 .ARM.attributes
                0x0000000000000778       0x38 C:/Program Files/STMicroelectronics/STM32CubeIDE_1.11.2/STM32CubeIDE/plugins/com.st.stm32cube.ide.mcu.externaltools.gnu-tools-for-stm32.11.3.rel1.win32_1.1.0.202305231506/tools/bin/../lib/gcc/arm-none-eabi/11.3.1/../../../../arm-none-eabi/lib/thumb/v8-m.main+fp/hard\libc_nano.a(libc_a-puts.o)
 .ARM.attributes
                0x00000000000007b0       0x38 C:/Program Files/STMicroelectronics/STM32CubeIDE_1.11.2/STM32CubeIDE/plugins/com.st.stm32cube.ide.mcu.externaltools.gnu-tools-for-stm32.11.3.rel1.win32_1.1.0.202305231506/tools/bin/../lib/gcc/arm-none-eabi/11.3.1/../../../../arm-none-eabi/lib/thumb/v8-m.main+fp/hard\libc_nano.a(libc_a-stdio.o)
 .ARM.attributes
                0x00000000000007e8       0x38 C:/Program Files/STMicroelectronics/STM32CubeIDE_1.11.2/STM32CubeIDE/plugins/com.st.stm32cube.ide.mcu.externaltools.gnu-tools-for-stm32.11.3.rel1.win32_1.1.0.202305231506/tools/bin/../lib/gcc/arm-none-eabi/11.3.1/../../../../arm-none-eabi/lib/thumb/v8-m.main+fp/hard\libc_nano.a(libc_a-wbuf.o)
 .ARM.attributes
                0x0000000000000820       0x38 C:/Program Files/STMicroelectronics/STM32CubeIDE_1.11.2/STM32CubeIDE/plugins/com.st.stm32cube.ide.mcu.externaltools.gnu-tools-for-stm32.11.3.rel1.win32_1.1.0.202305231506/tools/bin/../lib/gcc/arm-none-eabi/11.3.1/../../../../arm-none-eabi/lib/thumb/v8-m.main+fp/hard\libc_nano.a(libc_a-wsetup.o)
 .ARM.attributes
                0x0000000000000858       0x38 C:/Program Files/STMicroelectronics/STM32CubeIDE_1.11.2/STM32CubeIDE/plugins/com.st.stm32cube.ide.mcu.externaltools.gnu-tools-for-stm32.11.3.rel1.win32_1.1.0.202305231506/tools/bin/../lib/gcc/arm-none-eabi/11.3.1/../../../../arm-none-eabi/lib/thumb/v8-m.main+fp/hard\libc_nano.a(libc_a-memset.o)
 .ARM.attributes
                0x0000000000000890       0x38 C:/Program Files/STMicroelectronics/STM32CubeIDE_1.11.2/STM32CubeIDE/plugins/com.st.stm32cube.ide.mcu.externaltools.gnu-tools-for-stm32.11.3.rel1.win32_1.1.0.202305231506/tools/bin/../lib/gcc/arm-none-eabi/11.3.1/../../../../arm-none-eabi/lib/thumb/v8-m.main+fp/hard\libc_nano.a(libc_a-closer.o)
 .ARM.attributes
                0x00000000000008c8       0x38 C:/Program Files/STMicroelectronics/STM32CubeIDE_1.11.2/STM32CubeIDE/plugins/com.st.stm32cube.ide.mcu.externaltools.gnu-tools-for-stm32.11.3.rel1.win32_1.1.0.202305231506/tools/bin/../lib/gcc/arm-none-eabi/11.3.1/../../../../arm-none-eabi/lib/thumb/v8-m.main+fp/hard\libc_nano.a(libc_a-reent.o)
 .ARM.attributes
                0x0000000000000900       0x38 C:/Program Files/STMicroelectronics/STM32CubeIDE_1.11.2/STM32CubeIDE/plugins/com.st.stm32cube.ide.mcu.externaltools.gnu-tools-for-stm32.11.3.rel1.win32_1.1.0.202305231506/tools/bin/../lib/gcc/arm-none-eabi/11.3.1/../../../../arm-none-eabi/lib/thumb/v8-m.main+fp/hard\libc_nano.a(libc_a-impure.o)
 .ARM.attributes
                0x0000000000000938       0x38 C:/Program Files/STMicroelectronics/STM32CubeIDE_1.11.2/STM32CubeIDE/plugins/com.st.stm32cube.ide.mcu.externaltools.gnu-tools-for-stm32.11.3.rel1.win32_1.1.0.202305231506/tools/bin/../lib/gcc/arm-none-eabi/11.3.1/../../../../arm-none-eabi/lib/thumb/v8-m.main+fp/hard\libc_nano.a(libc_a-lseekr.o)
 .ARM.attributes
                0x0000000000000970       0x38 C:/Program Files/STMicroelectronics/STM32CubeIDE_1.11.2/STM32CubeIDE/plugins/com.st.stm32cube.ide.mcu.externaltools.gnu-tools-for-stm32.11.3.rel1.win32_1.1.0.202305231506/tools/bin/../lib/gcc/arm-none-eabi/11.3.1/../../../../arm-none-eabi/lib/thumb/v8-m.main+fp/hard\libc_nano.a(libc_a-readr.o)
 .ARM.attributes
                0x00000000000009a8       0x38 C:/Program Files/STMicroelectronics/STM32CubeIDE_1.11.2/STM32CubeIDE/plugins/com.st.stm32cube.ide.mcu.externaltools.gnu-tools-for-stm32.11.3.rel1.win32_1.1.0.202305231506/tools/bin/../lib/gcc/arm-none-eabi/11.3.1/../../../../arm-none-eabi/lib/thumb/v8-m.main+fp/hard\libc_nano.a(libc_a-sbrkr.o)
 .ARM.attributes
                0x00000000000009e0       0x38 C:/Program Files/STMicroelectronics/STM32CubeIDE_1.11.2/STM32CubeIDE/plugins/com.st.stm32cube.ide.mcu.externaltools.gnu-tools-for-stm32.11.3.rel1.win32_1.1.0.202305231506/tools/bin/../lib/gcc/arm-none-eabi/11.3.1/../../../../arm-none-eabi/lib/thumb/v8-m.main+fp/hard\libc_nano.a(libc_a-writer.o)
 .ARM.attributes
                0x0000000000000a18       0x38 C:/Program Files/STMicroelectronics/STM32CubeIDE_1.11.2/STM32CubeIDE/plugins/com.st.stm32cube.ide.mcu.externaltools.gnu-tools-for-stm32.11.3.rel1.win32_1.1.0.202305231506/tools/bin/../lib/gcc/arm-none-eabi/11.3.1/../../../../arm-none-eabi/lib/thumb/v8-m.main+fp/hard\libc_nano.a(libc_a-errno.o)
 .ARM.attributes
                0x0000000000000a50       0x38 C:/Program Files/STMicroelectronics/STM32CubeIDE_1.11.2/STM32CubeIDE/plugins/com.st.stm32cube.ide.mcu.externaltools.gnu-tools-for-stm32.11.3.rel1.win32_1.1.0.202305231506/tools/bin/../lib/gcc/arm-none-eabi/11.3.1/../../../../arm-none-eabi/lib/thumb/v8-m.main+fp/hard\libc_nano.a(libc_a-init.o)
 .ARM.attributes
                0x0000000000000a88       0x38 C:/Program Files/STMicroelectronics/STM32CubeIDE_1.11.2/STM32CubeIDE/plugins/com.st.stm32cube.ide.mcu.externaltools.gnu-tools-for-stm32.11.3.rel1.win32_1.1.0.202305231506/tools/bin/../lib/gcc/arm-none-eabi/11.3.1/../../../../arm-none-eabi/lib/thumb/v8-m.main+fp/hard\libc_nano.a(libc_a-lock.o)
 .ARM.attributes
                0x0000000000000ac0       0x38 C:/Program Files/STMicroelectronics/STM32CubeIDE_1.11.2/STM32CubeIDE/plugins/com.st.stm32cube.ide.mcu.externaltools.gnu-tools-for-stm32.11.3.rel1.win32_1.1.0.202305231506/tools/bin/../lib/gcc/arm-none-eabi/11.3.1/../../../../arm-none-eabi/lib/thumb/v8-m.main+fp/hard\libc_nano.a(libc_a-memcpy-stub.o)
 .ARM.attributes
                0x0000000000000af8       0x38 C:/Program Files/STMicroelectronics/STM32CubeIDE_1.11.2/STM32CubeIDE/plugins/com.st.stm32cube.ide.mcu.externaltools.gnu-tools-for-stm32.11.3.rel1.win32_1.1.0.202305231506/tools/bin/../lib/gcc/arm-none-eabi/11.3.1/../../../../arm-none-eabi/lib/thumb/v8-m.main+fp/hard\libc_nano.a(libc_a-freer.o)
 .ARM.attributes
                0x0000000000000b30       0x38 C:/Program Files/STMicroelectronics/STM32CubeIDE_1.11.2/STM32CubeIDE/plugins/com.st.stm32cube.ide.mcu.externaltools.gnu-tools-for-stm32.11.3.rel1.win32_1.1.0.202305231506/tools/bin/../lib/gcc/arm-none-eabi/11.3.1/../../../../arm-none-eabi/lib/thumb/v8-m.main+fp/hard\libc_nano.a(libc_a-nano-vfprintf.o)
 .ARM.attributes
                0x0000000000000b68       0x38 C:/Program Files/STMicroelectronics/STM32CubeIDE_1.11.2/STM32CubeIDE/plugins/com.st.stm32cube.ide.mcu.externaltools.gnu-tools-for-stm32.11.3.rel1.win32_1.1.0.202305231506/tools/bin/../lib/gcc/arm-none-eabi/11.3.1/../../../../arm-none-eabi/lib/thumb/v8-m.main+fp/hard\libc_nano.a(libc_a-nano-vfprintf_i.o)
 .ARM.attributes
                0x0000000000000ba0       0x38 C:/Program Files/STMicroelectronics/STM32CubeIDE_1.11.2/STM32CubeIDE/plugins/com.st.stm32cube.ide.mcu.externaltools.gnu-tools-for-stm32.11.3.rel1.win32_1.1.0.202305231506/tools/bin/../lib/gcc/arm-none-eabi/11.3.1/../../../../arm-none-eabi/lib/thumb/v8-m.main+fp/hard\libc_nano.a(libc_a-fflush.o)
 .ARM.attributes
                0x0000000000000bd8       0x38 C:/Program Files/STMicroelectronics/STM32CubeIDE_1.11.2/STM32CubeIDE/plugins/com.st.stm32cube.ide.mcu.externaltools.gnu-tools-for-stm32.11.3.rel1.win32_1.1.0.202305231506/tools/bin/../lib/gcc/arm-none-eabi/11.3.1/../../../../arm-none-eabi/lib/thumb/v8-m.main+fp/hard\libc_nano.a(libc_a-makebuf.o)
 .ARM.attributes
                0x0000000000000c10       0x38 C:/Program Files/STMicroelectronics/STM32CubeIDE_1.11.2/STM32CubeIDE/plugins/com.st.stm32cube.ide.mcu.externaltools.gnu-tools-for-stm32.11.3.rel1.win32_1.1.0.202305231506/tools/bin/../lib/gcc/arm-none-eabi/11.3.1/../../../../arm-none-eabi/lib/thumb/v8-m.main+fp/hard\libc_nano.a(libc_a-putc.o)
 .ARM.attributes
                0x0000000000000c48       0x38 C:/Program Files/STMicroelectronics/STM32CubeIDE_1.11.2/STM32CubeIDE/plugins/com.st.stm32cube.ide.mcu.externaltools.gnu-tools-for-stm32.11.3.rel1.win32_1.1.0.202305231506/tools/bin/../lib/gcc/arm-none-eabi/11.3.1/../../../../arm-none-eabi/lib/thumb/v8-m.main+fp/hard\libc_nano.a(libc_a-fstatr.o)
 .ARM.attributes
                0x0000000000000c80       0x38 C:/Program Files/STMicroelectronics/STM32CubeIDE_1.11.2/STM32CubeIDE/plugins/com.st.stm32cube.ide.mcu.externaltools.gnu-tools-for-stm32.11.3.rel1.win32_1.1.0.202305231506/tools/bin/../lib/gcc/arm-none-eabi/11.3.1/../../../../arm-none-eabi/lib/thumb/v8-m.main+fp/hard\libc_nano.a(libc_a-isattyr.o)
 .ARM.attributes
                0x0000000000000cb8       0x38 C:/Program Files/STMicroelectronics/STM32CubeIDE_1.11.2/STM32CubeIDE/plugins/com.st.stm32cube.ide.mcu.externaltools.gnu-tools-for-stm32.11.3.rel1.win32_1.1.0.202305231506/tools/bin/../lib/gcc/arm-none-eabi/11.3.1/../../../../arm-none-eabi/lib/thumb/v8-m.main+fp/hard\libc_nano.a(libc_a-memchr-stub.o)
 .ARM.attributes
                0x0000000000000cf0       0x22 C:/Program Files/STMicroelectronics/STM32CubeIDE_1.11.2/STM32CubeIDE/plugins/com.st.stm32cube.ide.mcu.externaltools.gnu-tools-for-stm32.11.3.rel1.win32_1.1.0.202305231506/tools/bin/../lib/gcc/arm-none-eabi/11.3.1/thumb/v8-m.main+fp/hard\libgcc.a(_aeabi_uldivmod.o)
 .ARM.attributes
                0x0000000000000d12       0x38 C:/Program Files/STMicroelectronics/STM32CubeIDE_1.11.2/STM32CubeIDE/plugins/com.st.stm32cube.ide.mcu.externaltools.gnu-tools-for-stm32.11.3.rel1.win32_1.1.0.202305231506/tools/bin/../lib/gcc/arm-none-eabi/11.3.1/thumb/v8-m.main+fp/hard\libgcc.a(_udivmoddi4.o)
 .ARM.attributes
                0x0000000000000d4a       0x22 C:/Program Files/STMicroelectronics/STM32CubeIDE_1.11.2/STM32CubeIDE/plugins/com.st.stm32cube.ide.mcu.externaltools.gnu-tools-for-stm32.11.3.rel1.win32_1.1.0.202305231506/tools/bin/../lib/gcc/arm-none-eabi/11.3.1/thumb/v8-m.main+fp/hard\libgcc.a(_dvmd_tls.o)
 .ARM.attributes
                0x0000000000000d6c       0x22 C:/Program Files/STMicroelectronics/STM32CubeIDE_1.11.2/STM32CubeIDE/plugins/com.st.stm32cube.ide.mcu.externaltools.gnu-tools-for-stm32.11.3.rel1.win32_1.1.0.202305231506/tools/bin/../lib/gcc/arm-none-eabi/11.3.1/thumb/v8-m.main+fp/hard/crtn.o
OUTPUT(U5A5_OTA_DFU.elf elf32-littlearm)
LOAD linker stubs
LOAD C:/Program Files/STMicroelectronics/STM32CubeIDE_1.11.2/STM32CubeIDE/plugins/com.st.stm32cube.ide.mcu.externaltools.gnu-tools-for-stm32.11.3.rel1.win32_1.1.0.202305231506/tools/bin/../lib/gcc/arm-none-eabi/11.3.1/../../../../arm-none-eabi/lib/thumb/v8-m.main+fp/hard\libc.a