../Src/main.c:99:1:__io_putchar	16	static
../Src/main.c:105:6:HAL_UART_RxCpltCallback	16	static
../Src/main.c:123:6:checkConnection	24	static
../Src/main.c:157:5:main	72	static
../Src/main.c:387:6:SystemClock_Config	128	static
../Src/main.c:434:13:SystemPower_Config	8	static
../Src/main.c:457:13:MX_HASH_Init	8	static
../Src/main.c:481:13:MX_ICACHE_Init	8	static
../Src/main.c:510:13:MX_USART1_UART_Init	8	static
../Src/main.c:553:13:MX_USART2_UART_Init	8	static
../Src/main.c:596:13:MX_GPIO_Init	56	static
../Src/main.c:699:6:Error_Handler	4	static,ignoring_inline_asm
